../Core/Src/main.c:88:5:main	80	static
../Core/Src/main.c:162:6:SystemClock_Config	88	static
../Core/Src/main.c:209:13:MX_ADC1_Init	24	static
../Core/Src/main.c:261:13:MX_TIM1_Init	56	static
../Core/Src/main.c:311:13:MX_TIM2_Init	56	static
../Core/Src/main.c:360:13:MX_TIM4_Init	48	static
../Core/Src/main.c:421:13:MX_USART2_UART_Init	8	static
../Core/Src/main.c:452:13:MX_DMA_Init	16	static
../Core/Src/main.c:470:13:MX_GPIO_Init	48	static
../Core/Src/main.c:528:1:Get_HADC1_Ptr	4	static
../Core/Src/main.c:551:6:Error_Handler	4	static,ignoring_inline_asm
