Archive member included to satisfy reference by file (symbol)

C:/ST/STM32CubeIDE_1.13.2/STM32CubeIDE/plugins/com.st.stm32cube.ide.mcu.externaltools.gnu-tools-for-stm32.11.3.rel1.win32_1.1.1.202309131626/tools/bin/../lib/gcc/arm-none-eabi/11.3.1/../../../../arm-none-eabi/lib/thumb/v7e-m+fp/hard\libc_nano.a(libc_a-exit.o)
                              C:/ST/STM32CubeIDE_1.13.2/STM32CubeIDE/plugins/com.st.stm32cube.ide.mcu.externaltools.gnu-tools-for-stm32.11.3.rel1.win32_1.1.1.202309131626/tools/bin/../lib/gcc/arm-none-eabi/11.3.1/../../../../arm-none-eabi/lib/thumb/v7e-m+fp/hard/crt0.o (exit)
C:/ST/STM32CubeIDE_1.13.2/STM32CubeIDE/plugins/com.st.stm32cube.ide.mcu.externaltools.gnu-tools-for-stm32.11.3.rel1.win32_1.1.1.202309131626/tools/bin/../lib/gcc/arm-none-eabi/11.3.1/../../../../arm-none-eabi/lib/thumb/v7e-m+fp/hard\libc_nano.a(libc_a-findfp.o)
                              C:/ST/STM32CubeIDE_1.13.2/STM32CubeIDE/plugins/com.st.stm32cube.ide.mcu.externaltools.gnu-tools-for-stm32.11.3.rel1.win32_1.1.1.202309131626/tools/bin/../lib/gcc/arm-none-eabi/11.3.1/../../../../arm-none-eabi/lib/thumb/v7e-m+fp/hard\libc_nano.a(libc_a-exit.o) (__stdio_exit_handler)
C:/ST/STM32CubeIDE_1.13.2/STM32CubeIDE/plugins/com.st.stm32cube.ide.mcu.externaltools.gnu-tools-for-stm32.11.3.rel1.win32_1.1.1.202309131626/tools/bin/../lib/gcc/arm-none-eabi/11.3.1/../../../../arm-none-eabi/lib/thumb/v7e-m+fp/hard\libc_nano.a(libc_a-fwalk.o)
                              C:/ST/STM32CubeIDE_1.13.2/STM32CubeIDE/plugins/com.st.stm32cube.ide.mcu.externaltools.gnu-tools-for-stm32.11.3.rel1.win32_1.1.1.202309131626/tools/bin/../lib/gcc/arm-none-eabi/11.3.1/../../../../arm-none-eabi/lib/thumb/v7e-m+fp/hard\libc_nano.a(libc_a-findfp.o) (_fwalk_sglue)
C:/ST/STM32CubeIDE_1.13.2/STM32CubeIDE/plugins/com.st.stm32cube.ide.mcu.externaltools.gnu-tools-for-stm32.11.3.rel1.win32_1.1.1.202309131626/tools/bin/../lib/gcc/arm-none-eabi/11.3.1/../../../../arm-none-eabi/lib/thumb/v7e-m+fp/hard\libc_nano.a(libc_a-stdio.o)
                              C:/ST/STM32CubeIDE_1.13.2/STM32CubeIDE/plugins/com.st.stm32cube.ide.mcu.externaltools.gnu-tools-for-stm32.11.3.rel1.win32_1.1.1.202309131626/tools/bin/../lib/gcc/arm-none-eabi/11.3.1/../../../../arm-none-eabi/lib/thumb/v7e-m+fp/hard\libc_nano.a(libc_a-findfp.o) (__sread)
C:/ST/STM32CubeIDE_1.13.2/STM32CubeIDE/plugins/com.st.stm32cube.ide.mcu.externaltools.gnu-tools-for-stm32.11.3.rel1.win32_1.1.1.202309131626/tools/bin/../lib/gcc/arm-none-eabi/11.3.1/../../../../arm-none-eabi/lib/thumb/v7e-m+fp/hard\libc_nano.a(libc_a-memset.o)
                              C:/ST/STM32CubeIDE_1.13.2/STM32CubeIDE/plugins/com.st.stm32cube.ide.mcu.externaltools.gnu-tools-for-stm32.11.3.rel1.win32_1.1.1.202309131626/tools/bin/../lib/gcc/arm-none-eabi/11.3.1/../../../../arm-none-eabi/lib/thumb/v7e-m+fp/hard/crt0.o (memset)
C:/ST/STM32CubeIDE_1.13.2/STM32CubeIDE/plugins/com.st.stm32cube.ide.mcu.externaltools.gnu-tools-for-stm32.11.3.rel1.win32_1.1.1.202309131626/tools/bin/../lib/gcc/arm-none-eabi/11.3.1/../../../../arm-none-eabi/lib/thumb/v7e-m+fp/hard\libc_nano.a(libc_a-closer.o)
                              C:/ST/STM32CubeIDE_1.13.2/STM32CubeIDE/plugins/com.st.stm32cube.ide.mcu.externaltools.gnu-tools-for-stm32.11.3.rel1.win32_1.1.1.202309131626/tools/bin/../lib/gcc/arm-none-eabi/11.3.1/../../../../arm-none-eabi/lib/thumb/v7e-m+fp/hard\libc_nano.a(libc_a-stdio.o) (_close_r)
C:/ST/STM32CubeIDE_1.13.2/STM32CubeIDE/plugins/com.st.stm32cube.ide.mcu.externaltools.gnu-tools-for-stm32.11.3.rel1.win32_1.1.1.202309131626/tools/bin/../lib/gcc/arm-none-eabi/11.3.1/../../../../arm-none-eabi/lib/thumb/v7e-m+fp/hard\libc_nano.a(libc_a-reent.o)
                              C:/ST/STM32CubeIDE_1.13.2/STM32CubeIDE/plugins/com.st.stm32cube.ide.mcu.externaltools.gnu-tools-for-stm32.11.3.rel1.win32_1.1.1.202309131626/tools/bin/../lib/gcc/arm-none-eabi/11.3.1/../../../../arm-none-eabi/lib/thumb/v7e-m+fp/hard\libc_nano.a(libc_a-closer.o) (errno)
C:/ST/STM32CubeIDE_1.13.2/STM32CubeIDE/plugins/com.st.stm32cube.ide.mcu.externaltools.gnu-tools-for-stm32.11.3.rel1.win32_1.1.1.202309131626/tools/bin/../lib/gcc/arm-none-eabi/11.3.1/../../../../arm-none-eabi/lib/thumb/v7e-m+fp/hard\libc_nano.a(libc_a-impure.o)
                              C:/ST/STM32CubeIDE_1.13.2/STM32CubeIDE/plugins/com.st.stm32cube.ide.mcu.externaltools.gnu-tools-for-stm32.11.3.rel1.win32_1.1.1.202309131626/tools/bin/../lib/gcc/arm-none-eabi/11.3.1/../../../../arm-none-eabi/lib/thumb/v7e-m+fp/hard\libc_nano.a(libc_a-reent.o) (_impure_ptr)
C:/ST/STM32CubeIDE_1.13.2/STM32CubeIDE/plugins/com.st.stm32cube.ide.mcu.externaltools.gnu-tools-for-stm32.11.3.rel1.win32_1.1.1.202309131626/tools/bin/../lib/gcc/arm-none-eabi/11.3.1/../../../../arm-none-eabi/lib/thumb/v7e-m+fp/hard\libc_nano.a(libc_a-lseekr.o)
[...]
Memory Configuration

Name             Origin             Length             Attributes
RAM              0x0000000020000000 0x0000000000020000 xrw
FLASH            0x0000000008000000 0x0000000000080000 xr
*default*        0x0000000000000000 0xffffffffffffffff

Linker script and memory map

LOAD C:/ST/STM32CubeIDE_1.13.2/STM32CubeIDE/plugins/com.st.stm32cube.ide.mcu.externaltools.gnu-tools-for-stm32.11.3.rel1.win32_1.1.1.202309131626/tools/bin/../lib/gcc/arm-none-eabi/11.3.1/thumb/v7e-m+fp/hard/crti.o
LOAD C:/ST/STM32CubeIDE_1.13.2/STM32CubeIDE/plugins/com.st.stm32cube.ide.mcu.externaltools.gnu-tools-for-stm32.11.3.rel1.win32_1.1.1.202309131626/tools/bin/../lib/gcc/arm-none-eabi/11.3.1/thumb/v7e-m+fp/hard/crtbegin.o
LOAD C:/ST/STM32CubeIDE_1.13.2/STM32CubeIDE/plugins/com.st.stm32cube.ide.mcu.externaltools.gnu-tools-for-stm32.11.3.rel1.win32_1.1.1.202309131626/tools/bin/../lib/gcc/arm-none-eabi/11.3.1/../../../../arm-none-eabi/lib/thumb/v7e-m+fp/hard/crt0.o
LOAD ./Core/Src/controller.o
LOAD ./Core/Src/delay.o
LOAD ./Core/Src/encoders.o
LOAD ./Core/Src/irs.o
LOAD ./Core/Src/main.o
LOAD ./Core/Src/motors.o
LOAD ./Core/Src/pid.o
LOAD ./Core/Src/stm32f4xx_hal_msp.o
LOAD ./Core/Src/stm32f4xx_it.o
LOAD ./Core/Src/syscalls.o
LOAD ./Core/Src/sysmem.o
LOAD ./Core/Src/system_stm32f4xx.o
LOAD ./Core/Src/systick.o
LOAD ./Core/Startup/startup_stm32f411retx.o
LOAD ./Drivers/STM32F4xx_HAL_Driver/Src/stm32f4xx_hal.o
LOAD ./Drivers/STM32F4xx_HAL_Driver/Src/stm32f4xx_hal_adc.o
LOAD ./Drivers/STM32F4xx_HAL_Driver/Src/stm32f4xx_hal_adc_ex.o
LOAD ./Drivers/STM32F4xx_HAL_Driver/Src/stm32f4xx_hal_cortex.o
LOAD ./Drivers/STM32F4xx_HAL_Driver/Src/stm32f4xx_hal_dma.o
LOAD ./Drivers/STM32F4xx_HAL_Driver/Src/stm32f4xx_hal_dma_ex.o
LOAD ./Drivers/STM32F4xx_HAL_Driver/Src/stm32f4xx_hal_exti.o
LOAD ./Drivers/STM32F4xx_HAL_Driver/Src/stm32f4xx_hal_flash.o
LOAD ./Drivers/STM32F4xx_HAL_Driver/Src/stm32f4xx_hal_flash_ex.o
LOAD ./Drivers/STM32F4xx_HAL_Driver/Src/stm32f4xx_hal_flash_ramfunc.o
LOAD ./Drivers/STM32F4xx_HAL_Driver/Src/stm32f4xx_hal_gpio.o
LOAD ./Drivers/STM32F4xx_HAL_Driver/Src/stm32f4xx_hal_pwr.o
LOAD ./Drivers/STM32F4xx_HAL_Driver/Src/stm32f4xx_hal_pwr_ex.o
LOAD ./Drivers/STM32F4xx_HAL_Driver/Src/stm32f4xx_hal_rcc.o
LOAD ./Drivers/STM32F4xx_HAL_Driver/Src/stm32f4xx_hal_rcc_ex.o
LOAD ./Drivers/STM32F4xx_HAL_Driver/Src/stm32f4xx_hal_tim.o
LOAD ./Drivers/STM32F4xx_HAL_Driver/Src/stm32f4xx_hal_tim_ex.o
LOAD ./Drivers/STM32F4xx_HAL_Driver/Src/stm32f4xx_hal_uart.o
LOAD ./Drivers/STM32F4xx_HAL_Driver/Src/stm32f4xx_ll_adc.o
START GROUP
LOAD C:/ST/STM32CubeIDE_1.13.2/STM32CubeIDE/plugins/com.st.stm32cube.ide.mcu.externaltools.gnu-tools-for-stm32.11.3.rel1.win32_1.1.1.202309131626/tools/bin/../lib/gcc/arm-none-eabi/11.3.1/../../../../arm-none-eabi/lib/thumb/v7e-m+fp/hard\libc_nano.a
LOAD C:/ST/STM32CubeIDE_1.13.2/STM32CubeIDE/plugins/com.st.stm32cube.ide.mcu.externaltools.gnu-tools-for-stm32.11.3.rel1.win32_1.1.1.202309131626/tools/bin/../lib/gcc/arm-none-eabi/11.3.1/../../../../arm-none-eabi/lib/thumb/v7e-m+fp/hard\libm.a
END GROUP
START GROUP
LOAD C:/ST/STM32CubeIDE_1.13.2/STM32CubeIDE/plugins/com.st.stm32cube.ide.mcu.externaltools.gnu-tools-for-stm32.11.3.rel1.win32_1.1.1.202309131626/tools/bin/../lib/gcc/arm-none-eabi/11.3.1/thumb/v7e-m+fp/hard\libgcc.a
LOAD C:/ST/STM32CubeIDE_1.13.2/STM32CubeIDE/plugins/com.st.stm32cube.ide.mcu.externaltools.gnu-tools-for-stm32.11.3.rel1.win32_1.1.1.202309131626/tools/bin/../lib/gcc/arm-none-eabi/11.3.1/../../../../arm-none-eabi/lib/thumb/v7e-m+fp/hard\libc_nano.a
END GROUP
START GROUP
LOAD C:/ST/STM32CubeIDE_1.13.2/STM32CubeIDE/plugins/com.st.stm32cube.ide.mcu.externaltools.gnu-tools-for-stm32.11.3.rel1.win32_1.1.1.202309131626/tools/bin/../lib/gcc/arm-none-eabi/11.3.1/thumb/v7e-m+fp/hard\libgcc.a
LOAD C:/ST/STM32CubeIDE_1.13.2/STM32CubeIDE/plugins/com.st.stm32cube.ide.mcu.externaltools.gnu-tools-for-stm32.11.3.rel1.win32_1.1.1.202309131626/tools/bin/../lib/gcc/arm-none-eabi/11.3.1/../../../../arm-none-eabi/lib/thumb/v7e-m+fp/hard\libc_nano.a
LOAD C:/ST/STM32CubeIDE_1.13.2/STM32CubeIDE/plugins/com.st.stm32cube.ide.mcu.externaltools.gnu-tools-for-stm32.11.3.rel1.win32_1.1.1.202309131626/tools/bin/../lib/gcc/arm-none-eabi/11.3.1/../../../../arm-none-eabi/lib/thumb/v7e-m+fp/hard\libnosys.a
END GROUP
START GROUP
LOAD C:/ST/STM32CubeIDE_1.13.2/STM32CubeIDE/plugins/com.st.stm32cube.ide.mcu.externaltools.gnu-tools-for-stm32.11.3.rel1.win32_1.1.1.202309131626/tools/bin/../lib/gcc/arm-none-eabi/11.3.1/thumb/v7e-m+fp/hard\libgcc.a
LOAD C:/ST/STM32CubeIDE_1.13.2/STM32CubeIDE/plugins/com.st.stm32cube.ide.mcu.externaltools.gnu-tools-for-stm32.11.3.rel1.win32_1.1.1.202309131626/tools/bin/../lib/gcc/arm-none-eabi/11.3.1/../../../../arm-none-eabi/lib/thumb/v7e-m+fp/hard\libc_nano.a
LOAD C:/ST/STM32CubeIDE_1.13.2/STM32CubeIDE/plugins/com.st.stm32cube.ide.mcu.externaltools.gnu-tools-for-stm32.11.3.rel1.win32_1.1.1.202309131626/tools/bin/../lib/gcc/arm-none-eabi/11.3.1/../../../../arm-none-eabi/lib/thumb/v7e-m+fp/hard\libnosys.a
END GROUP
LOAD C:/ST/STM32CubeIDE_1.13.2/STM32CubeIDE/plugins/com.st.stm32cube.ide.mcu.externaltools.gnu-tools-for-stm32.11.3.rel1.win32_1.1.1.202309131626/tools/bin/../lib/gcc/arm-none-eabi/11.3.1/thumb/v7e-m+fp/hard/crtend.o
LOAD C:/ST/STM32CubeIDE_1.13.2/STM32CubeIDE/plugins/com.st.stm32cube.ide.mcu.externaltools.gnu-tools-for-stm32.11.3.rel1.win32_1.1.1.202309131626/tools/bin/../lib/gcc/arm-none-eabi/11.3.1/thumb/v7e-m+fp/hard/crtn.o
                0x0000000020020000                _estack = (ORIGIN (RAM) + LENGTH (RAM))
                0x0000000000000200                _Min_Heap_Size = 0x200
                0x0000000000000400                _Min_Stack_Size = 0x400

.isr_vector     0x0000000008000000      0x198
                0x0000000008000000                . = ALIGN (0x4)
 *(.isr_vector)
 .isr_vector    0x0000000008000000      0x198 ./Core/Startup/startup_stm32f411retx.o
                0x0000000008000000                g_pfnVectors
                0x0000000008000198                . = ALIGN (0x4)

.text           0x0000000008000198     0x5160
                0x0000000008000198                . = ALIGN (0x4)
 *(.text)
 .text          0x0000000008000198       0x40 C:/ST/STM32CubeIDE_1.13.2/STM32CubeIDE/plugins/com.st.stm32cube.ide.mcu.externaltools.gnu-tools-for-stm32.11.3.rel1.win32_1.1.1.202309131626/tools/bin/../lib/gcc/arm-none-eabi/11.3.1/thumb/v7e-m+fp/hard/crtbegin.o
 .text          0x00000000080001d8      0x378 C:/ST/STM32CubeIDE_1.13.2/STM32CubeIDE/plugins/com.st.stm32cube.ide.mcu.externaltools.gnu-tools-for-stm32.11.3.rel1.win32_1.1.1.202309131626/tools/bin/../lib/gcc/arm-none-eabi/11.3.1/thumb/v7e-m+fp/hard\libgcc.a(_arm_addsubdf3.o)
                0x00000000080001d8                __aeabi_drsub
                0x00000000080001e0                __aeabi_dsub
                0x00000000080001e0                __subdf3
                0x00000000080001e4                __aeabi_dadd
                0x00000000080001e4                __adddf3
                0x000000000800045c                __floatunsidf
                0x000000000800045c                __aeabi_ui2d
                0x000000000800047c                __floatsidf
                0x000000000800047c                __aeabi_i2d
                0x00000000080004a0                __aeabi_f2d
                0x00000000080004a0                __extendsfdf2
                0x00000000080004e4                __floatundidf
                0x00000000080004e4                __aeabi_ul2d
                0x00000000080004f4                __floatdidf
                0x00000000080004f4                __aeabi_l2d
 .text          0x0000000008000550      0x424 C:/ST/STM32CubeIDE_1.13.2/STM32CubeIDE/plugins/com.st.stm32cube.ide.mcu.externaltools.gnu-tools-for-stm32.11.3.rel1.win32_1.1.1.202309131626/tools/bin/../lib/gcc/arm-none-eabi/11.3.1/thumb/v7e-m+fp/hard\libgcc.a(_arm_muldivdf3.o)
                0x0000000008000550                __aeabi_dmul
                0x0000000008000550                __muldf3
                0x00000000080007a4                __divdf3
                0x00000000080007a4                __aeabi_ddiv
 .text          0x0000000008000974       0x50 C:/ST/STM32CubeIDE_1.13.2/STM32CubeIDE/plugins/com.st.stm32cube.ide.mcu.externaltools.gnu-tools-for-stm32.11.3.rel1.win32_1.1.1.202309131626/tools/bin/../lib/gcc/arm-none-eabi/11.3.1/thumb/v7e-m+fp/hard\libgcc.a(_arm_fixdfsi.o)
                0x0000000008000974                __aeabi_d2iz
                0x0000000008000974                __fixdfsi
 .text          0x00000000080009c4       0x30 C:/ST/STM32CubeIDE_1.13.2/STM32CubeIDE/plugins/com.st.stm32cube.ide.mcu.externaltools.gnu-tools-for-stm32.11.3.rel1.win32_1.1.1.202309131626/tools/bin/../lib/gcc/arm-none-eabi/11.3.1/thumb/v7e-m+fp/hard\libgcc.a(_aeabi_uldivmod.o)
                0x00000000080009c4                __aeabi_uldivmod
 .text          0x00000000080009f4      0x2c8 C:/ST/STM32CubeIDE_1.13.2/STM32CubeIDE/plugins/com.st.stm32cube.ide.mcu.externaltools.gnu-tools-for-stm32.11.3.rel1.win32_1.1.1.202309131626/tools/bin/../lib/gcc/arm-none-eabi/11.3.1/thumb/v7e-m+fp/hard\libgcc.a(_udivmoddi4.o)
                0x00000000080009f4                __udivmoddi4
 .text          0x0000000008000cbc        0x4 C:/ST/STM32CubeIDE_1.13.2/STM32CubeIDE/plugins/com.st.stm32cube.ide.mcu.externaltools.gnu-tools-for-stm32.11.3.rel1.win32_1.1.1.202309131626/tools/bin/../lib/gcc/arm-none-eabi/11.3.1/thumb/v7e-m+fp/hard\libgcc.a(_dvmd_tls.o)
                0x0000000008000cbc                __aeabi_idiv0
                0x0000000008000cbc                __aeabi_ldiv0
 *(.text*)
 .text.move     0x0000000008000cc0       0x58 ./Core/Src/controller.o
                0x0000000008000cc0                move
 .text.turn     0x0000000008000d18       0x24 ./Core/Src/controller.o
                0x0000000008000d18                turn
 .text.Delay_Init
                0x0000000008000d3c       0x40 ./Core/Src/delay.o
                0x0000000008000d3c                Delay_Init
 .text.getRightEncoderCounts
                0x0000000008000d7c       0x18 ./Core/Src/encoders.o
                0x0000000008000d7c                getRightEncoderCounts
 .text.getLeftEncoderCounts
                0x0000000008000d94       0x16 ./Core/Src/encoders.o
                0x0000000008000d94                getLeftEncoderCounts
 *fill*         0x0000000008000daa        0x2 
 .text.resetEncoders
                0x0000000008000dac       0x20 ./Core/Src/encoders.o
                0x0000000008000dac                resetEncoders
 .text.readLeftIR
                0x0000000008000dcc       0x10 ./Core/Src/irs.o
                0x0000000008000dcc                readLeftIR
 .text.readFrontLeftIR
                0x0000000008000ddc       0x10 ./Core/Src/irs.o
                0x0000000008000ddc                readFrontLeftIR
 .text.readFrontRightIR
                0x0000000008000dec       0x10 ./Core/Src/irs.o
                0x0000000008000dec                readFrontRightIR
 .text.readRightIR
                0x0000000008000dfc       0x10 ./Core/Src/irs.o
                0x0000000008000dfc                readRightIR
 .text.analogRead
                0x0000000008000e0c       0xd0 ./Core/Src/irs.o
                0x0000000008000e0c                analogRead
 .text.HAL_ADC_ConvCpltCallback
                0x0000000008000edc       0x20 ./Core/Src/irs.o
                0x0000000008000edc                HAL_ADC_ConvCpltCallback
 .text.main     0x0000000008000efc      0x128 ./Core/Src/main.o
                0x0000000008000efc                main
 .text.SystemClock_Config
                0x0000000008001024       0xd4 ./Core/Src/main.o
                0x0000000008001024                SystemClock_Config
 .text.MX_ADC1_Init
                0x00000000080010f8       0xa4 ./Core/Src/main.o
 .text.MX_TIM1_Init
                0x000000000800119c       0xb0 ./Core/Src/main.o
 .text.MX_TIM2_Init
                0x000000000800124c       0xa8 ./Core/Src/main.o
 .text.MX_TIM4_Init
                0x00000000080012f4       0xf4 ./Core/Src/main.o
 .text.MX_USART2_UART_Init
                0x00000000080013e8       0x54 ./Core/Src/main.o
 .text.MX_DMA_Init
                0x000000000800143c       0x40 ./Core/Src/main.o
 .text.MX_GPIO_Init
                0x000000000800147c      0x144 ./Core/Src/main.o
 .text.Get_HADC1_Ptr
                0x00000000080015c0       0x14 ./Core/Src/main.o
                0x00000000080015c0                Get_HADC1_Ptr
 .text.Error_Handler
                0x00000000080015d4        0xa ./Core/Src/main.o
                0x00000000080015d4                Error_Handler
 .text.limitPWM
                0x00000000080015de       0x4e ./Core/Src/motors.o
                0x00000000080015de                limitPWM
 .text.setMotorRPWM
                0x000000000800162c       0x80 ./Core/Src/motors.o
                0x000000000800162c                setMotorRPWM
 .text.setMotorLPWM
                0x00000000080016ac       0x80 ./Core/Src/motors.o
                0x00000000080016ac                setMotorLPWM
 .text.resetPID
                0x000000000800172c       0x58 ./Core/Src/pid.o
                0x000000000800172c                resetPID
 .text.updatePID
                0x0000000008001784      0x12c ./Core/Src/pid.o
                0x0000000008001784                updatePID
 .text.setPIDGoalD
                0x00000000080018b0       0x24 ./Core/Src/pid.o
                0x00000000080018b0                setPIDGoalD
 .text.setPIDGoalA
                0x00000000080018d4       0x60 ./Core/Src/pid.o
                0x00000000080018d4                setPIDGoalA
 .text.myAbs    0x0000000008001934       0x22 ./Core/Src/pid.o
                0x0000000008001934                myAbs
 *fill*         0x0000000008001956        0x2 
 .text.PIDdone  0x0000000008001958       0x4c ./Core/Src/pid.o
                0x0000000008001958                PIDdone
 .text.HAL_MspInit
                0x00000000080019a4       0x50 ./Core/Src/stm32f4xx_hal_msp.o
                0x00000000080019a4                HAL_MspInit
 .text.HAL_ADC_MspInit
                0x00000000080019f4      0x160 ./Core/Src/stm32f4xx_hal_msp.o
                0x00000000080019f4                HAL_ADC_MspInit
 .text.HAL_TIM_Encoder_MspInit
                0x0000000008001b54       0xf4 ./Core/Src/stm32f4xx_hal_msp.o
                0x0000000008001b54                HAL_TIM_Encoder_MspInit
 .text.HAL_TIM_PWM_MspInit
                0x0000000008001c48       0x50 ./Core/Src/stm32f4xx_hal_msp.o
                0x0000000008001c48                HAL_TIM_PWM_MspInit
 .text.HAL_TIM_MspPostInit
                0x0000000008001c98       0x74 ./Core/Src/stm32f4xx_hal_msp.o
                0x0000000008001c98                HAL_TIM_MspPostInit
 .text.HAL_UART_MspInit
                0x0000000008001d0c       0x90 ./Core/Src/stm32f4xx_hal_msp.o
                0x0000000008001d0c                HAL_UART_MspInit
 .text.NMI_Handler
                0x0000000008001d9c        0x6 ./Core/Src/stm32f4xx_it.o
                0x0000000008001d9c                NMI_Handler
 .text.HardFault_Handler
                0x0000000008001da2        0x6 ./Core/Src/stm32f4xx_it.o
                0x0000000008001da2                HardFault_Handler
 .text.MemManage_Handler
                0x0000000008001da8        0x6 ./Core/Src/stm32f4xx_it.o
                0x0000000008001da8                MemManage_Handler
 .text.BusFault_Handler
                0x0000000008001dae        0x6 ./Core/Src/stm32f4xx_it.o
                0x0000000008001dae                BusFault_Handler
 .text.UsageFault_Handler
                0x0000000008001db4        0x6 ./Core/Src/stm32f4xx_it.o
                0x0000000008001db4                UsageFault_Handler
 .text.SVC_Handler
                0x0000000008001dba        0xe ./Core/Src/stm32f4xx_it.o
                0x0000000008001dba                SVC_Handler
 .text.DebugMon_Handler
                0x0000000008001dc8        0xe ./Core/Src/stm32f4xx_it.o
                0x0000000008001dc8                DebugMon_Handler
 .text.PendSV_Handler
                0x0000000008001dd6        0xe ./Core/Src/stm32f4xx_it.o
                0x0000000008001dd6                PendSV_Handler
 .text.SysTick_Handler
                0x0000000008001de4       0x10 ./Core/Src/stm32f4xx_it.o
                0x0000000008001de4                SysTick_Handler
 .text.TIM4_IRQHandler
                0x0000000008001df4       0x14 ./Core/Src/stm32f4xx_it.o
                0x0000000008001df4                TIM4_IRQHandler
 .text.EXTI15_10_IRQHandler
                0x0000000008001e08       0x10 ./Core/Src/stm32f4xx_it.o
                0x0000000008001e08                EXTI15_10_IRQHandler
 .text.DMA2_Stream0_IRQHandler
                0x0000000008001e18       0x14 ./Core/Src/stm32f4xx_it.o
                0x0000000008001e18                DMA2_Stream0_IRQHandler
 .text.SystemInit
                0x0000000008001e2c       0x24 ./Core/Src/system_stm32f4xx.o
                0x0000000008001e2c                SystemInit
 .text.SysTickFunction
                0x0000000008001e50       0x78 ./Core/Src/systick.o
                0x0000000008001e50                SysTickFunction
 .text.Reset_Handler
                0x0000000008001ec8       0x50 ./Core/Startup/startup_stm32f411retx.o
                0x0000000008001ec8                Reset_Handler
 .text.Default_Handler
                0x0000000008001f18        0x2 ./Core/Startup/startup_stm32f411retx.o
                0x0000000008001f18                RTC_Alarm_IRQHandler
                0x0000000008001f18                EXTI2_IRQHandler
                0x0000000008001f18                SPI4_IRQHandler
                0x0000000008001f18                TIM1_CC_IRQHandler
                0x0000000008001f18                DMA2_Stream5_IRQHandler
                0x0000000008001f18                DMA1_Stream5_IRQHandler
                0x0000000008001f18                PVD_IRQHandler
                0x0000000008001f18                SDIO_IRQHandler
                0x0000000008001f18                TAMP_STAMP_IRQHandler
                0x0000000008001f18                EXTI3_IRQHandler
                0x0000000008001f18                TIM1_UP_TIM10_IRQHandler
                0x0000000008001f18                I2C3_ER_IRQHandler
                0x0000000008001f18                EXTI0_IRQHandler
                0x0000000008001f18                I2C2_EV_IRQHandler
                0x0000000008001f18                DMA1_Stream2_IRQHandler
                0x0000000008001f18                FPU_IRQHandler
                0x0000000008001f18                DMA2_Stream2_IRQHandler
                0x0000000008001f18                SPI1_IRQHandler
                0x0000000008001f18                TIM1_BRK_TIM9_IRQHandler
                0x0000000008001f18                DMA2_Stream3_IRQHandler
                0x0000000008001f18                USART6_IRQHandler
                0x0000000008001f18                I2C1_EV_IRQHandler
                0x0000000008001f18                DMA1_Stream6_IRQHandler
                0x0000000008001f18                DMA1_Stream1_IRQHandler
                0x0000000008001f18                TIM3_IRQHandler
                0x0000000008001f18                RCC_IRQHandler
                0x0000000008001f18                Default_Handler
                0x0000000008001f18                ADC_IRQHandler
                0x0000000008001f18                DMA1_Stream7_IRQHandler
                0x0000000008001f18                SPI5_IRQHandler
                0x0000000008001f18                TIM5_IRQHandler
                0x0000000008001f18                DMA2_Stream7_IRQHandler
                0x0000000008001f18                I2C3_EV_IRQHandler
                0x0000000008001f18                EXTI9_5_IRQHandler
                0x0000000008001f18                RTC_WKUP_IRQHandler
                0x0000000008001f18                SPI2_IRQHandler
                0x0000000008001f18                DMA1_Stream0_IRQHandler
                0x0000000008001f18                EXTI4_IRQHandler
                0x0000000008001f18                WWDG_IRQHandler
                0x0000000008001f18                TIM2_IRQHandler
                0x0000000008001f18                OTG_FS_WKUP_IRQHandler
                0x0000000008001f18                TIM1_TRG_COM_TIM11_IRQHandler
                0x0000000008001f18                EXTI1_IRQHandler
                0x0000000008001f18                USART2_IRQHandler
                0x0000000008001f18                I2C2_ER_IRQHandler
                0x0000000008001f18                DMA2_Stream1_IRQHandler
                0x0000000008001f18                FLASH_IRQHandler
                0x0000000008001f18                DMA2_Stream4_IRQHandler
                0x0000000008001f18                USART1_IRQHandler
                0x0000000008001f18                OTG_FS_IRQHandler
                0x0000000008001f18                SPI3_IRQHandler
                0x0000000008001f18                DMA1_Stream4_IRQHandler
                0x0000000008001f18                I2C1_ER_IRQHandler
                0x0000000008001f18                DMA2_Stream6_IRQHandler
                0x0000000008001f18                DMA1_Stream3_IRQHandler
 *fill*         0x0000000008001f1a        0x2 
 .text.HAL_Init
                0x0000000008001f1c       0x44 ./Drivers/STM32F4xx_HAL_Driver/Src/stm32f4xx_hal.o
                0x0000000008001f1c                HAL_Init
 .text.HAL_InitTick
                0x0000000008001f60       0x60 ./Drivers/STM32F4xx_HAL_Driver/Src/stm32f4xx_hal.o
                0x0000000008001f60                HAL_InitTick
 .text.HAL_IncTick
                0x0000000008001fc0       0x28 ./Drivers/STM32F4xx_HAL_Driver/Src/stm32f4xx_hal.o
                0x0000000008001fc0                HAL_IncTick
 .text.HAL_GetTick
                0x0000000008001fe8       0x18 ./Drivers/STM32F4xx_HAL_Driver/Src/stm32f4xx_hal.o
                0x0000000008001fe8                HAL_GetTick
 .text.HAL_ADC_Init
                0x0000000008002000       0x86 ./Drivers/STM32F4xx_HAL_Driver/Src/stm32f4xx_hal_adc.o
                0x0000000008002000                HAL_ADC_Init
 *fill*         0x0000000008002086        0x2 
 .text.HAL_ADC_Start_DMA
                0x0000000008002088      0x1e0 ./Drivers/STM32F4xx_HAL_Driver/Src/stm32f4xx_hal_adc.o
                0x0000000008002088                HAL_ADC_Start_DMA
 .text.HAL_ADC_Stop_DMA
                0x0000000008002268       0xb4 ./Drivers/STM32F4xx_HAL_Driver/Src/stm32f4xx_hal_adc.o
                0x0000000008002268                HAL_ADC_Stop_DMA
 .text.HAL_ADC_ConvHalfCpltCallback
                0x000000000800231c       0x14 ./Drivers/STM32F4xx_HAL_Driver/Src/stm32f4xx_hal_adc.o
                0x000000000800231c                HAL_ADC_ConvHalfCpltCallback
 .text.HAL_ADC_ErrorCallback
                0x0000000008002330       0x14 ./Drivers/STM32F4xx_HAL_Driver/Src/stm32f4xx_hal_adc.o
                0x0000000008002330                HAL_ADC_ErrorCallback
 .text.HAL_ADC_ConfigChannel
                0x0000000008002344      0x264 ./Drivers/STM32F4xx_HAL_Driver/Src/stm32f4xx_hal_adc.o
                0x0000000008002344                HAL_ADC_ConfigChannel
 .text.ADC_Init
                0x00000000080025a8      0x1f8 ./Drivers/STM32F4xx_HAL_Driver/Src/stm32f4xx_hal_adc.o
 .text.ADC_DMAConvCplt
                0x00000000080027a0       0xba ./Drivers/STM32F4xx_HAL_Driver/Src/stm32f4xx_hal_adc.o
 .text.ADC_DMAHalfConvCplt
                0x000000000800285a       0x1c ./Drivers/STM32F4xx_HAL_Driver/Src/stm32f4xx_hal_adc.o
 .text.ADC_DMAError
                0x0000000008002876       0x2e ./Drivers/STM32F4xx_HAL_Driver/Src/stm32f4xx_hal_adc.o
 .text.__NVIC_SetPriorityGrouping
                0x00000000080028a4       0x48 ./Drivers/STM32F4xx_HAL_Driver/Src/stm32f4xx_hal_cortex.o
 .text.__NVIC_GetPriorityGrouping
                0x00000000080028ec       0x1c ./Drivers/STM32F4xx_HAL_Driver/Src/stm32f4xx_hal_cortex.o
 .text.__NVIC_EnableIRQ
                0x0000000008002908       0x3c ./Drivers/STM32F4xx_HAL_Driver/Src/stm32f4xx_hal_cortex.o
 .text.__NVIC_SetPriority
                0x0000000008002944       0x54 ./Drivers/STM32F4xx_HAL_Driver/Src/stm32f4xx_hal_cortex.o
 .text.NVIC_EncodePriority
                0x0000000008002998       0x66 ./Drivers/STM32F4xx_HAL_Driver/Src/stm32f4xx_hal_cortex.o
 *fill*         0x00000000080029fe        0x2 
 .text.SysTick_Config
                0x0000000008002a00       0x44 ./Drivers/STM32F4xx_HAL_Driver/Src/stm32f4xx_hal_cortex.o
 .text.HAL_NVIC_SetPriorityGrouping
                0x0000000008002a44       0x16 ./Drivers/STM32F4xx_HAL_Driver/Src/stm32f4xx_hal_cortex.o
                0x0000000008002a44                HAL_NVIC_SetPriorityGrouping
 .text.HAL_NVIC_SetPriority
                0x0000000008002a5a       0x38 ./Drivers/STM32F4xx_HAL_Driver/Src/stm32f4xx_hal_cortex.o
                0x0000000008002a5a                HAL_NVIC_SetPriority
 .text.HAL_NVIC_EnableIRQ
                0x0000000008002a92       0x1c ./Drivers/STM32F4xx_HAL_Driver/Src/stm32f4xx_hal_cortex.o
                0x0000000008002a92                HAL_NVIC_EnableIRQ
 .text.HAL_SYSTICK_Config
                0x0000000008002aae       0x18 ./Drivers/STM32F4xx_HAL_Driver/Src/stm32f4xx_hal_cortex.o
                0x0000000008002aae                HAL_SYSTICK_Config
 *fill*         0x0000000008002ac6        0x2 
 .text.HAL_DMA_Init
                0x0000000008002ac8      0x15c ./Drivers/STM32F4xx_HAL_Driver/Src/stm32f4xx_hal_dma.o
                0x0000000008002ac8                HAL_DMA_Init
 .text.HAL_DMA_Start_IT
                0x0000000008002c24       0xb0 ./Drivers/STM32F4xx_HAL_Driver/Src/stm32f4xx_hal_dma.o
                0x0000000008002c24                HAL_DMA_Start_IT
 .text.HAL_DMA_Abort
                0x0000000008002cd4       0xe0 ./Drivers/STM32F4xx_HAL_Driver/Src/stm32f4xx_hal_dma.o
                0x0000000008002cd4                HAL_DMA_Abort
 .text.HAL_DMA_IRQHandler
                0x0000000008002db4      0x314 ./Drivers/STM32F4xx_HAL_Driver/Src/stm32f4xx_hal_dma.o
                0x0000000008002db4                HAL_DMA_IRQHandler
 .text.DMA_SetConfig
                0x00000000080030c8       0x5c ./Drivers/STM32F4xx_HAL_Driver/Src/stm32f4xx_hal_dma.o
 .text.DMA_CalcBaseAndBitshift
                0x0000000008003124       0x6c ./Drivers/STM32F4xx_HAL_Driver/Src/stm32f4xx_hal_dma.o
 .text.DMA_CheckFifoParam
                0x0000000008003190       0xf8 ./Drivers/STM32F4xx_HAL_Driver/Src/stm32f4xx_hal_dma.o
 .text.HAL_GPIO_Init
                0x0000000008003288      0x308 ./Drivers/STM32F4xx_HAL_Driver/Src/stm32f4xx_hal_gpio.o
                0x0000000008003288                HAL_GPIO_Init
 .text.HAL_GPIO_WritePin
                0x0000000008003590       0x32 ./Drivers/STM32F4xx_HAL_Driver/Src/stm32f4xx_hal_gpio.o
                0x0000000008003590                HAL_GPIO_WritePin
 *fill*         0x00000000080035c2        0x2 
 .text.HAL_GPIO_EXTI_IRQHandler
                0x00000000080035c4       0x30 ./Drivers/STM32F4xx_HAL_Driver/Src/stm32f4xx_hal_gpio.o
                0x00000000080035c4                HAL_GPIO_EXTI_IRQHandler
 .text.HAL_GPIO_EXTI_Callback
                0x00000000080035f4       0x16 ./Drivers/STM32F4xx_HAL_Driver/Src/stm32f4xx_hal_gpio.o
                0x00000000080035f4                HAL_GPIO_EXTI_Callback
 *fill*         0x000000000800360a        0x2 
 .text.HAL_RCC_OscConfig
                0x000000000800360c      0x4f0 ./Drivers/STM32F4xx_HAL_Driver/Src/stm32f4xx_hal_rcc.o
                0x000000000800360c                HAL_RCC_OscConfig
 .text.HAL_RCC_ClockConfig
                0x0000000008003afc      0x1cc ./Drivers/STM32F4xx_HAL_Driver/Src/stm32f4xx_hal_rcc.o
                0x0000000008003afc                HAL_RCC_ClockConfig
 .text.HAL_RCC_GetSysClockFreq
                0x0000000008003cc8      0x20c ./Drivers/STM32F4xx_HAL_Driver/Src/stm32f4xx_hal_rcc.o
                0x0000000008003cc8                HAL_RCC_GetSysClockFreq
 .text.HAL_RCC_GetHCLKFreq
                0x0000000008003ed4       0x18 ./Drivers/STM32F4xx_HAL_Driver/Src/stm32f4xx_hal_rcc.o
                0x0000000008003ed4                HAL_RCC_GetHCLKFreq
 .text.HAL_RCC_GetPCLK1Freq
                0x0000000008003eec       0x28 ./Drivers/STM32F4xx_HAL_Driver/Src/stm32f4xx_hal_rcc.o
                0x0000000008003eec                HAL_RCC_GetPCLK1Freq
 .text.HAL_RCC_GetPCLK2Freq
                0x0000000008003f14       0x28 ./Drivers/STM32F4xx_HAL_Driver/Src/stm32f4xx_hal_rcc.o
                0x0000000008003f14                HAL_RCC_GetPCLK2Freq
 .text.HAL_TIM_PWM_Init
                0x0000000008003f3c       0x9e ./Drivers/STM32F4xx_HAL_Driver/Src/stm32f4xx_hal_tim.o
                0x0000000008003f3c                HAL_TIM_PWM_Init
 *fill*         0x0000000008003fda        0x2 
 .text.HAL_TIM_PWM_Start
                0x0000000008003fdc      0x160 ./Drivers/STM32F4xx_HAL_Driver/Src/stm32f4xx_hal_tim.o
                0x0000000008003fdc                HAL_TIM_PWM_Start
 .text.HAL_TIM_Encoder_Init
                0x000000000800413c      0x14c ./Drivers/STM32F4xx_HAL_Driver/Src/stm32f4xx_hal_tim.o
                0x000000000800413c                HAL_TIM_Encoder_Init
 .text.HAL_TIM_Encoder_Start
                0x0000000008004288      0x11c ./Drivers/STM32F4xx_HAL_Driver/Src/stm32f4xx_hal_tim.o
                0x0000000008004288                HAL_TIM_Encoder_Start
 .text.HAL_TIM_IRQHandler
                0x00000000080043a4      0x210 ./Drivers/STM32F4xx_HAL_Driver/Src/stm32f4xx_hal_tim.o
                0x00000000080043a4                HAL_TIM_IRQHandler
 .text.HAL_TIM_PWM_ConfigChannel
                0x00000000080045b4      0x184 ./Drivers/STM32F4xx_HAL_Driver/Src/stm32f4xx_hal_tim.o
                0x00000000080045b4                HAL_TIM_PWM_ConfigChannel
 .text.HAL_TIM_PeriodElapsedCallback
                0x0000000008004738       0x14 ./Drivers/STM32F4xx_HAL_Driver/Src/stm32f4xx_hal_tim.o
                0x0000000008004738                HAL_TIM_PeriodElapsedCallback
 .text.HAL_TIM_OC_DelayElapsedCallback
                0x000000000800474c       0x14 ./Drivers/STM32F4xx_HAL_Driver/Src/stm32f4xx_hal_tim.o
                0x000000000800474c                HAL_TIM_OC_DelayElapsedCallback
 .text.HAL_TIM_IC_CaptureCallback
                0x0000000008004760       0x14 ./Drivers/STM32F4xx_HAL_Driver/Src/stm32f4xx_hal_tim.o
                0x0000000008004760                HAL_TIM_IC_CaptureCallback
 .text.HAL_TIM_PWM_PulseFinishedCallback
                0x0000000008004774       0x14 ./Drivers/STM32F4xx_HAL_Driver/Src/stm32f4xx_hal_tim.o
                0x0000000008004774                HAL_TIM_PWM_PulseFinishedCallback
 .text.HAL_TIM_TriggerCallback
                0x0000000008004788       0x14 ./Drivers/STM32F4xx_HAL_Driver/Src/stm32f4xx_hal_tim.o
                0x0000000008004788                HAL_TIM_TriggerCallback
 .text.TIM_Base_SetConfig
                0x000000000800479c      0x100 ./Drivers/STM32F4xx_HAL_Driver/Src/stm32f4xx_hal_tim.o
                0x000000000800479c                TIM_Base_SetConfig
 .text.TIM_OC1_SetConfig
                0x000000000800489c       0xcc ./Drivers/STM32F4xx_HAL_Driver/Src/stm32f4xx_hal_tim.o
 .text.TIM_OC2_SetConfig
                0x0000000008004968       0xd8 ./Drivers/STM32F4xx_HAL_Driver/Src/stm32f4xx_hal_tim.o
                0x0000000008004968                TIM_OC2_SetConfig
 .text.TIM_OC3_SetConfig
                0x0000000008004a40       0xd4 ./Drivers/STM32F4xx_HAL_Driver/Src/stm32f4xx_hal_tim.o
 .text.TIM_OC4_SetConfig
                0x0000000008004b14       0xa0 ./Drivers/STM32F4xx_HAL_Driver/Src/stm32f4xx_hal_tim.o
 .text.TIM_CCxChannelCmd
                0x0000000008004bb4       0x4a ./Drivers/STM32F4xx_HAL_Driver/Src/stm32f4xx_hal_tim.o
                0x0000000008004bb4                TIM_CCxChannelCmd
 *fill*         0x0000000008004bfe        0x2 
 .text.HAL_TIMEx_MasterConfigSynchronization
                0x0000000008004c00       0xdc ./Drivers/STM32F4xx_HAL_Driver/Src/stm32f4xx_hal_tim_ex.o
                0x0000000008004c00                HAL_TIMEx_MasterConfigSynchronization
 .text.HAL_TIMEx_CommutCallback
                0x0000000008004cdc       0x14 ./Drivers/STM32F4xx_HAL_Driver/Src/stm32f4xx_hal_tim_ex.o
                0x0000000008004cdc                HAL_TIMEx_CommutCallback
 .text.HAL_TIMEx_BreakCallback
                0x0000000008004cf0       0x14 ./Drivers/STM32F4xx_HAL_Driver/Src/stm32f4xx_hal_tim_ex.o
                0x0000000008004cf0                HAL_TIMEx_BreakCallback
 .text.HAL_UART_Init
                0x0000000008004d04       0x9a ./Drivers/STM32F4xx_HAL_Driver/Src/stm32f4xx_hal_uart.o
                0x0000000008004d04                HAL_UART_Init
 *fill*         0x0000000008004d9e        0x2 
 .text.UART_SetConfig
                0x0000000008004da0      0x4e8 ./Drivers/STM32F4xx_HAL_Driver/Src/stm32f4xx_hal_uart.o
 .text.memset   0x0000000008005288       0x10 C:/ST/STM32CubeIDE_1.13.2/STM32CubeIDE/plugins/com.st.stm32cube.ide.mcu.externaltools.gnu-tools-for-stm32.11.3.rel1.win32_1.1.1.202309131626/tools/bin/../lib/gcc/arm-none-eabi/11.3.1/../../../../arm-none-eabi/lib/thumb/v7e-m+fp/hard\libc_nano.a(libc_a-memset.o)
                0x0000000008005288                memset
 .text.__libc_init_array
                0x0000000008005298       0x48 C:/ST/STM32CubeIDE_1.13.2/STM32CubeIDE/plugins/com.st.stm32cube.ide.mcu.externaltools.gnu-tools-for-stm32.11.3.rel1.win32_1.1.1.202309131626/tools/bin/../lib/gcc/arm-none-eabi/11.3.1/../../../../arm-none-eabi/lib/thumb/v7e-m+fp/hard\libc_nano.a(libc_a-init.o)
                0x0000000008005298                __libc_init_array
 *(.glue_7)
 .glue_7        0x00000000080052e0        0x0 linker stubs
 *(.glue_7t)
 .glue_7t       0x00000000080052e0        0x0 linker stubs
 *(.eh_frame)
 .eh_frame      0x00000000080052e0        0x0 C:/ST/STM32CubeIDE_1.13.2/STM32CubeIDE/plugins/com.st.stm32cube.ide.mcu.externaltools.gnu-tools-for-stm32.11.3.rel1.win32_1.1.1.202309131626/tools/bin/../lib/gcc/arm-none-eabi/11.3.1/thumb/v7e-m+fp/hard/crtbegin.o
 *(.init)
 .init          0x00000000080052e0        0x4 C:/ST/STM32CubeIDE_1.13.2/STM32CubeIDE/plugins/com.st.stm32cube.ide.mcu.externaltools.gnu-tools-for-stm32.11.3.rel1.win32_1.1.1.202309131626/tools/bin/../lib/gcc/arm-none-eabi/11.3.1/thumb/v7e-m+fp/hard/crti.o
                0x00000000080052e0                _init
 .init          0x00000000080052e4        0x8 C:/ST/STM32CubeIDE_1.13.2/STM32CubeIDE/plugins/com.st.stm32cube.ide.mcu.externaltools.gnu-tools-for-stm32.11.3.rel1.win32_1.1.1.202309131626/tools/bin/../lib/gcc/arm-none-eabi/11.3.1/thumb/v7e-m+fp/hard/crtn.o
 *(.fini)
 .fini          0x00000000080052ec        0x4 C:/ST/STM32CubeIDE_1.13.2/STM32CubeIDE/plugins/com.st.stm32cube.ide.mcu.externaltools.gnu-tools-for-stm32.11.3.rel1.win32_1.1.1.202309131626/tools/bin/../lib/gcc/arm-none-eabi/11.3.1/thumb/v7e-m+fp/hard/crti.o
                0x00000000080052ec                _fini
 .fini          0x00000000080052f0        0x8 C:/ST/STM32CubeIDE_1.13.2/STM32CubeIDE/plugins/com.st.stm32cube.ide.mcu.externaltools.gnu-tools-for-stm32.11.3.rel1.win32_1.1.1.202309131626/tools/bin/../lib/gcc/arm-none-eabi/11.3.1/thumb/v7e-m+fp/hard/crtn.o
                0x00000000080052f8                . = ALIGN (0x4)
                0x00000000080052f8                _etext = .

.vfp11_veneer   0x00000000080052f8        0x0
 .vfp11_veneer  0x00000000080052f8        0x0 linker stubs

.v4_bx          0x00000000080052f8        0x0
 .v4_bx         0x00000000080052f8        0x0 linker stubs

.iplt           0x00000000080052f8        0x0
 .iplt          0x00000000080052f8        0x0 C:/ST/STM32CubeIDE_1.13.2/STM32CubeIDE/plugins/com.st.stm32cube.ide.mcu.externaltools.gnu-tools-for-stm32.11.3.rel1.win32_1.1.1.202309131626/tools/bin/../lib/gcc/arm-none-eabi/11.3.1/thumb/v7e-m+fp/hard/crtbegin.o

.rodata         0x00000000080052f8       0x20
                0x00000000080052f8                . = ALIGN (0x4)
 *(.rodata)
 *(.rodata*)
 .rodata.AHBPrescTable
                0x00000000080052f8       0x10 ./Core/Src/system_stm32f4xx.o
                0x00000000080052f8                AHBPrescTable
 .rodata.APBPrescTable
                0x0000000008005308        0x8 ./Core/Src/system_stm32f4xx.o
                0x0000000008005308                APBPrescTable
 .rodata.flagBitshiftOffset.0
                0x0000000008005310        0x8 ./Drivers/STM32F4xx_HAL_Driver/Src/stm32f4xx_hal_dma.o
                0x0000000008005318                . = ALIGN (0x4)

.ARM.extab      0x0000000008005318        0x0
                0x0000000008005318                . = ALIGN (0x4)
 *(.ARM.extab* .gnu.linkonce.armextab.*)
                0x0000000008005318                . = ALIGN (0x4)

.ARM            0x0000000008005318        0x8
                0x0000000008005318                . = ALIGN (0x4)
                0x0000000008005318                __exidx_start = .
 *(.ARM.exidx*)
 .ARM.exidx     0x0000000008005318        0x8 C:/ST/STM32CubeIDE_1.13.2/STM32CubeIDE/plugins/com.st.stm32cube.ide.mcu.externaltools.gnu-tools-for-stm32.11.3.rel1.win32_1.1.1.202309131626/tools/bin/../lib/gcc/arm-none-eabi/11.3.1/thumb/v7e-m+fp/hard\libgcc.a(_udivmoddi4.o)
                0x0000000008005320                __exidx_end = .
                0x0000000008005320                . = ALIGN (0x4)

.rel.dyn        0x0000000008005320        0x0
 .rel.iplt      0x0000000008005320        0x0 C:/ST/STM32CubeIDE_1.13.2/STM32CubeIDE/plugins/com.st.stm32cube.ide.mcu.externaltools.gnu-tools-for-stm32.11.3.rel1.win32_1.1.1.202309131626/tools/bin/../lib/gcc/arm-none-eabi/11.3.1/thumb/v7e-m+fp/hard/crtbegin.o

.preinit_array  0x0000000008005320        0x0
                0x0000000008005320                . = ALIGN (0x4)
                0x0000000008005320                PROVIDE (__preinit_array_start = .)
 *(.preinit_array*)
                0x0000000008005320                PROVIDE (__preinit_array_end = .)
                0x0000000008005320                . = ALIGN (0x4)

.init_array     0x0000000008005320        0x4
                0x0000000008005320                . = ALIGN (0x4)
                0x0000000008005320                PROVIDE (__init_array_start = .)
 *(SORT_BY_NAME(.init_array.*))
 *(.init_array*)
 .init_array    0x0000000008005320        0x4 C:/ST/STM32CubeIDE_1.13.2/STM32CubeIDE/plugins/com.st.stm32cube.ide.mcu.externaltools.gnu-tools-for-stm32.11.3.rel1.win32_1.1.1.202309131626/tools/bin/../lib/gcc/arm-none-eabi/11.3.1/thumb/v7e-m+fp/hard/crtbegin.o
                0x0000000008005324                PROVIDE (__init_array_end = .)
                0x0000000008005324                . = ALIGN (0x4)

.fini_array     0x0000000008005324        0x4
                0x0000000008005324                . = ALIGN (0x4)
                [!provide]                        PROVIDE (__fini_array_start = .)
 *(SORT_BY_NAME(.fini_array.*))
 *(.fini_array*)
 .fini_array    0x0000000008005324        0x4 C:/ST/STM32CubeIDE_1.13.2/STM32CubeIDE/plugins/com.st.stm32cube.ide.mcu.externaltools.gnu-tools-for-stm32.11.3.rel1.win32_1.1.1.202309131626/tools/bin/../lib/gcc/arm-none-eabi/11.3.1/thumb/v7e-m+fp/hard/crtbegin.o
                [!provide]                        PROVIDE (__fini_array_end = .)
                0x0000000008005328                . = ALIGN (0x4)
                0x0000000008005328                _sidata = LOADADDR (.data)

.data           0x0000000020000000       0x1c load address 0x0000000008005328
                0x0000000020000000                . = ALIGN (0x4)
                0x0000000020000000                _sdata = .
 *(.data)
 *(.data*)
 .data.kPw      0x0000000020000000        0x4 ./Core/Src/pid.o
                0x0000000020000000                kPw
 .data.kDw      0x0000000020000004        0x4 ./Core/Src/pid.o
                0x0000000020000004                kDw
 .data.kPx      0x0000000020000008        0x4 ./Core/Src/pid.o
                0x0000000020000008                kPx
 .data.kDx      0x000000002000000c        0x4 ./Core/Src/pid.o
                0x000000002000000c                kDx
 .data.SystemCoreClock
                0x0000000020000010        0x4 ./Core/Src/system_stm32f4xx.o
                0x0000000020000010                SystemCoreClock
 .data.uwTickPrio
                0x0000000020000014        0x4 ./Drivers/STM32F4xx_HAL_Driver/Src/stm32f4xx_hal.o
                0x0000000020000014                uwTickPrio
 .data.uwTickFreq
                0x0000000020000018        0x1 ./Drivers/STM32F4xx_HAL_Driver/Src/stm32f4xx_hal.o
                0x0000000020000018                uwTickFreq
 *(.RamFunc)
 *(.RamFunc*)
                0x000000002000001c                . = ALIGN (0x4)
 *fill*         0x0000000020000019        0x3 
                0x000000002000001c                _edata = .

.igot.plt       0x000000002000001c        0x0 load address 0x0000000008005344
 .igot.plt      0x000000002000001c        0x0 C:/ST/STM32CubeIDE_1.13.2/STM32CubeIDE/plugins/com.st.stm32cube.ide.mcu.externaltools.gnu-tools-for-stm32.11.3.rel1.win32_1.1.1.202309131626/tools/bin/../lib/gcc/arm-none-eabi/11.3.1/thumb/v7e-m+fp/hard/crtbegin.o
                0x000000002000001c                . = ALIGN (0x4)

.bss            0x000000002000001c      0x318 load address 0x0000000008005344
                0x000000002000001c                _sbss = .
                0x000000002000001c                __bss_start__ = _sbss
 *(.bss)
 .bss           0x000000002000001c       0x1c C:/ST/STM32CubeIDE_1.13.2/STM32CubeIDE/plugins/com.st.stm32cube.ide.mcu.externaltools.gnu-tools-for-stm32.11.3.rel1.win32_1.1.1.202309131626/tools/bin/../lib/gcc/arm-none-eabi/11.3.1/thumb/v7e-m+fp/hard/crtbegin.o
 *(.bss*)
 .bss.adc_buf   0x0000000020000038      0x100 ./Core/Src/irs.o
                0x0000000020000038                adc_buf
 .bss.complete  0x0000000020000138        0x1 ./Core/Src/irs.o
                0x0000000020000138                complete
 *fill*         0x0000000020000139        0x3 
 .bss.hadc1     0x000000002000013c       0x48 ./Core/Src/main.o
                0x000000002000013c                hadc1
 .bss.hdma_adc1
                0x0000000020000184       0x60 ./Core/Src/main.o
                0x0000000020000184                hdma_adc1
 .bss.htim1     0x00000000200001e4       0x48 ./Core/Src/main.o
                0x00000000200001e4                htim1
 .bss.htim2     0x000000002000022c       0x48 ./Core/Src/main.o
                0x000000002000022c                htim2
 .bss.htim4     0x0000000020000274       0x48 ./Core/Src/main.o
                0x0000000020000274                htim4
 .bss.huart2    0x00000000200002bc       0x44 ./Core/Src/main.o
                0x00000000200002bc                huart2
 .bss.left_counts
                0x0000000020000300        0x2 ./Core/Src/main.o
                0x0000000020000300                left_counts
 .bss.right_counts
                0x0000000020000302        0x2 ./Core/Src/main.o
                0x0000000020000302                right_counts
 .bss.ir_right  0x0000000020000304        0x4 ./Core/Src/main.o
                0x0000000020000304                ir_right
 .bss.ir_frontright
                0x0000000020000308        0x4 ./Core/Src/main.o
                0x0000000020000308                ir_frontright
 .bss.ir_frontleft
                0x000000002000030c        0x4 ./Core/Src/main.o
                0x000000002000030c                ir_frontleft
 .bss.ir_left   0x0000000020000310        0x4 ./Core/Src/main.o
                0x0000000020000310                ir_left
 .bss.angleError
                0x0000000020000314        0x4 ./Core/Src/pid.o
                0x0000000020000314                angleError
 .bss.oldAngleError
                0x0000000020000318        0x4 ./Core/Src/pid.o
                0x0000000020000318                oldAngleError
 .bss.distanceError
                0x000000002000031c        0x4 ./Core/Src/pid.o
                0x000000002000031c                distanceError
 .bss.oldDistanceError
                0x0000000020000320        0x4 ./Core/Src/pid.o
                0x0000000020000320                oldDistanceError
 .bss.goalAngle
                0x0000000020000324        0x4 ./Core/Src/pid.o
                0x0000000020000324                goalAngle
 .bss.goalDistanceEncoder
                0x0000000020000328        0x4 ./Core/Src/pid.o
                0x0000000020000328                goalDistanceEncoder
 .bss.hasPIDran
                0x000000002000032c        0x4 ./Core/Src/pid.o
                0x000000002000032c                hasPIDran
 .bss.uwTick    0x0000000020000330        0x4 ./Drivers/STM32F4xx_HAL_Driver/Src/stm32f4xx_hal.o
                0x0000000020000330                uwTick
 *(COMMON)
                0x0000000020000334                . = ALIGN (0x4)
                0x0000000020000334                _ebss = .
                0x0000000020000334                __bss_end__ = _ebss

._user_heap_stack
                0x0000000020000334      0x604 load address 0x0000000008005344
                0x0000000020000338                . = ALIGN (0x8)
 *fill*         0x0000000020000334        0x4 
                [!provide]                        PROVIDE (end = .)
                0x0000000020000338                PROVIDE (_end = .)
                0x0000000020000538                . = (. + _Min_Heap_Size)
 *fill*         0x0000000020000338      0x200 
                0x0000000020000938                . = (. + _Min_Stack_Size)
 *fill*         0x0000000020000538      0x400 
                0x0000000020000938                . = ALIGN (0x8)

/DISCARD/
 libc.a(*)
 libm.a(*)
 libgcc.a(*)

.ARM.attributes
                0x0000000000000000       0x30
 *(.ARM.attributes)
 .ARM.attributes
                0x0000000000000000       0x1e C:/ST/STM32CubeIDE_1.13.2/STM32CubeIDE/plugins/com.st.stm32cube.ide.mcu.externaltools.gnu-tools-for-stm32.11.3.rel1.win32_1.1.1.202309131626/tools/bin/../lib/gcc/arm-none-eabi/11.3.1/thumb/v7e-m+fp/hard/crti.o
 .ARM.attributes
                0x000000000000001e       0x34 C:/ST/STM32CubeIDE_1.13.2/STM32CubeIDE/plugins/com.st.stm32cube.ide.mcu.externaltools.gnu-tools-for-stm32.11.3.rel1.win32_1.1.1.202309131626/tools/bin/../lib/gcc/arm-none-eabi/11.3.1/thumb/v7e-m+fp/hard/crtbegin.o
 .ARM.attributes
                0x0000000000000052       0x34 ./Core/Src/controller.o
 .ARM.attributes
                0x0000000000000086       0x34 ./Core/Src/delay.o
 .ARM.attributes
                0x00000000000000ba       0x34 ./Core/Src/encoders.o
 .ARM.attributes
                0x00000000000000ee       0x34 ./Core/Src/irs.o
 .ARM.attributes
                0x0000000000000122       0x34 ./Core/Src/main.o
 .ARM.attributes
                0x0000000000000156       0x34 ./Core/Src/motors.o
 .ARM.attributes
                0x000000000000018a       0x34 ./Core/Src/pid.o
 .ARM.attributes
                0x00000000000001be       0x34 ./Core/Src/stm32f4xx_hal_msp.o
 .ARM.attributes
                0x00000000000001f2       0x34 ./Core/Src/stm32f4xx_it.o
 .ARM.attributes
                0x0000000000000226       0x34 ./Core/Src/system_stm32f4xx.o
 .ARM.attributes
                0x000000000000025a       0x34 ./Core/Src/systick.o
 .ARM.attributes
                0x000000000000028e       0x21 ./Core/Startup/startup_stm32f411retx.o
 .ARM.attributes
                0x00000000000002af       0x34 ./Drivers/STM32F4xx_HAL_Driver/Src/stm32f4xx_hal.o
 .ARM.attributes
                0x00000000000002e3       0x34 ./Drivers/STM32F4xx_HAL_Driver/Src/stm32f4xx_hal_adc.o
 .ARM.attributes
                0x0000000000000317       0x34 ./Drivers/STM32F4xx_HAL_Driver/Src/stm32f4xx_hal_cortex.o
 .ARM.attributes
                0x000000000000034b       0x34 ./Drivers/STM32F4xx_HAL_Driver/Src/stm32f4xx_hal_dma.o
 .ARM.attributes
                0x000000000000037f       0x34 ./Drivers/STM32F4xx_HAL_Driver/Src/stm32f4xx_hal_gpio.o
 .ARM.attributes
                0x00000000000003b3       0x34 ./Drivers/STM32F4xx_HAL_Driver/Src/stm32f4xx_hal_rcc.o
 .ARM.attributes
                0x00000000000003e7       0x34 ./Drivers/STM32F4xx_HAL_Driver/Src/stm32f4xx_hal_tim.o
 .ARM.attributes
                0x000000000000041b       0x34 ./Drivers/STM32F4xx_HAL_Driver/Src/stm32f4xx_hal_tim_ex.o
 .ARM.attributes
                0x000000000000044f       0x34 ./Drivers/STM32F4xx_HAL_Driver/Src/stm32f4xx_hal_uart.o
 .ARM.attributes
                0x0000000000000483       0x34 C:/ST/STM32CubeIDE_1.13.2/STM32CubeIDE/plugins/com.st.stm32cube.ide.mcu.externaltools.gnu-tools-for-stm32.11.3.rel1.win32_1.1.1.202309131626/tools/bin/../lib/gcc/arm-none-eabi/11.3.1/../../../../arm-none-eabi/lib/thumb/v7e-m+fp/hard\libc_nano.a(libc_a-memset.o)
 .ARM.attributes
                0x00000000000004b7       0x34 C:/ST/STM32CubeIDE_1.13.2/STM32CubeIDE/plugins/com.st.stm32cube.ide.mcu.externaltools.gnu-tools-for-stm32.11.3.rel1.win32_1.1.1.202309131626/tools/bin/../lib/gcc/arm-none-eabi/11.3.1/../../../../arm-none-eabi/lib/thumb/v7e-m+fp/hard\libc_nano.a(libc_a-init.o)
 .ARM.attributes
                0x00000000000004eb       0x1e C:/ST/STM32CubeIDE_1.13.2/STM32CubeIDE/plugins/com.st.stm32cube.ide.mcu.externaltools.gnu-tools-for-stm32.11.3.rel1.win32_1.1.1.202309131626/tools/bin/../lib/gcc/arm-none-eabi/11.3.1/thumb/v7e-m+fp/hard\libgcc.a(_arm_addsubdf3.o)
 .ARM.attributes
                0x0000000000000509       0x1e C:/ST/STM32CubeIDE_1.13.2/STM32CubeIDE/plugins/com.st.stm32cube.ide.mcu.externaltools.gnu-tools-for-stm32.11.3.rel1.win32_1.1.1.202309131626/tools/bin/../lib/gcc/arm-none-eabi/11.3.1/thumb/v7e-m+fp/hard\libgcc.a(_arm_muldivdf3.o)
 .ARM.attributes
                0x0000000000000527       0x1e C:/ST/STM32CubeIDE_1.13.2/STM32CubeIDE/plugins/com.st.stm32cube.ide.mcu.externaltools.gnu-tools-for-stm32.11.3.rel1.win32_1.1.1.202309131626/tools/bin/../lib/gcc/arm-none-eabi/11.3.1/thumb/v7e-m+fp/hard\libgcc.a(_arm_fixdfsi.o)
 .ARM.attributes
                0x0000000000000545       0x1e C:/ST/STM32CubeIDE_1.13.2/STM32CubeIDE/plugins/com.st.stm32cube.ide.mcu.externaltools.gnu-tools-for-stm32.11.3.rel1.win32_1.1.1.202309131626/tools/bin/../lib/gcc/arm-none-eabi/11.3.1/thumb/v7e-m+fp/hard\libgcc.a(_aeabi_uldivmod.o)
 .ARM.attributes
                0x0000000000000563       0x34 C:/ST/STM32CubeIDE_1.13.2/STM32CubeIDE/plugins/com.st.stm32cube.ide.mcu.externaltools.gnu-tools-for-stm32.11.3.rel1.win32_1.1.1.202309131626/tools/bin/../lib/gcc/arm-none-eabi/11.3.1/thumb/v7e-m+fp/hard\libgcc.a(_udivmoddi4.o)
 .ARM.attributes
                0x0000000000000597       0x1e C:/ST/STM32CubeIDE_1.13.2/STM32CubeIDE/plugins/com.st.stm32cube.ide.mcu.externaltools.gnu-tools-for-stm32.11.3.rel1.win32_1.1.1.202309131626/tools/bin/../lib/gcc/arm-none-eabi/11.3.1/thumb/v7e-m+fp/hard\libgcc.a(_dvmd_tls.o)
 .ARM.attributes
                0x00000000000005b5       0x1e C:/ST/STM32CubeIDE_1.13.2/STM32CubeIDE/plugins/com.st.stm32cube.ide.mcu.externaltools.gnu-tools-for-stm32.11.3.rel1.win32_1.1.1.202309131626/tools/bin/../lib/gcc/arm-none-eabi/11.3.1/thumb/v7e-m+fp/hard/crtn.o
OUTPUT(Rat.elf elf32-littlearm)
LOAD linker stubs
LOAD C:/ST/STM32CubeIDE_1.13.2/STM32CubeIDE/plugins/com.st.stm32cube.ide.mcu.externaltools.gnu-tools-for-stm32.11.3.rel1.win32_1.1.1.202309131626/tools/bin/../lib/gcc/arm-none-eabi/11.3.1/../../../../arm-none-eabi/lib/thumb/v7e-m+fp/hard\libc.a
LOAD C:/ST/STM32CubeIDE_1.13.2/STM32CubeIDE/plugins/com.st.stm32cube.ide.mcu.externaltools.gnu-tools-for-stm32.11.3.rel1.win32_1.1.1.202309131626/tools/bin/../lib/gcc/arm-none-eabi/11.3.1/../../../../arm-none-eabi/lib/thumb/v7e-m+fp/hard\libm.a
LOAD C:/ST/STM32CubeIDE_1.13.2/STM32CubeIDE/plugins/com.st.stm32cube.ide.mcu.externaltools.gnu-tools-for-stm32.11.3.rel1.win32_1.1.1.202309131626/tools/bin/../lib/gcc/arm-none-eabi/11.3.1/thumb/v7e-m+fp/hard\libgcc.a

.comment        0x0000000000000000       0x43
 .comment       0x0000000000000000       0x43 C:/ST/STM32CubeIDE_1.13.2/STM32CubeIDE/plugins/com.st.stm32cube.ide.mcu.externaltools.gnu-tools-for-stm32.11.3.rel1.win32_1.1.1.202309131626/tools/bin/../lib/gcc/arm-none-eabi/11.3.1/thumb/v7e-m+fp/hard/crtbegin.o
                                         0x44 (size before relaxing)
 .comment       0x0000000000000043       0x44 ./Core/Src/controller.o
 .comment       0x0000000000000043       0x44 ./Core/Src/delay.o
 .comment       0x0000000000000043       0x44 ./Core/Src/encoders.o
 .comment       0x0000000000000043       0x44 ./Core/Src/irs.o
 .comment       0x0000000000000043       0x44 ./Core/Src/main.o
 .comment       0x0000000000000043       0x44 ./Core/Src/motors.o
 .comment       0x0000000000000043       0x44 ./Core/Src/pid.o
 .comment       0x0000000000000043       0x44 ./Core/Src/stm32f4xx_hal_msp.o
 .comment       0x0000000000000043       0x44 ./Core/Src/stm32f4xx_it.o
 .comment       0x0000000000000043       0x44 ./Core/Src/system_stm32f4xx.o
 .comment       0x0000000000000043       0x44 ./Core/Src/systick.o
 .comment       0x0000000000000043       0x44 ./Drivers/STM32F4xx_HAL_Driver/Src/stm32f4xx_hal.o
 .comment       0x0000000000000043       0x44 ./Drivers/STM32F4xx_HAL_Driver/Src/stm32f4xx_hal_adc.o
 .comment       0x0000000000000043       0x44 ./Drivers/STM32F4xx_HAL_Driver/Src/stm32f4xx_hal_cortex.o
 .comment       0x0000000000000043       0x44 ./Drivers/STM32F4xx_HAL_Driver/Src/stm32f4xx_hal_dma.o
 .comment       0x0000000000000043       0x44 ./Drivers/STM32F4xx_HAL_Driver/Src/stm32f4xx_hal_gpio.o
 .comment       0x0000000000000043       0x44 ./Drivers/STM32F4xx_HAL_Driver/Src/stm32f4xx_hal_rcc.o
 .comment       0x0000000000000043       0x44 ./Drivers/STM32F4xx_HAL_Driver/Src/stm32f4xx_hal_tim.o
 .comment       0x0000000000000043       0x44 ./Drivers/STM32F4xx_HAL_Driver/Src/stm32f4xx_hal_tim_ex.o
 .comment       0x0000000000000043       0x44 ./Drivers/STM32F4xx_HAL_Driver/Src/stm32f4xx_hal_uart.o

.debug_info     0x0000000000000000     0xf69a
 .debug_info    0x0000000000000000      0x123 ./Core/Src/controller.o
 .debug_info    0x0000000000000123      0x269 ./Core/Src/delay.o
 .debug_info    0x000000000000038c      0x1f9 ./Core/Src/encoders.o
 .debug_info    0x0000000000000585      0x8a9 ./Core/Src/irs.o
 .debug_info    0x0000000000000e2e     0x1893 ./Core/Src/main.o
 .debug_info    0x00000000000026c1      0x22b ./Core/Src/motors.o
 .debug_info    0x00000000000028ec      0x2c2 ./Core/Src/pid.o
 .debug_info    0x0000000000002bae     0x1362 ./Core/Src/stm32f4xx_hal_msp.o
 .debug_info    0x0000000000003f10      0x745 ./Core/Src/stm32f4xx_it.o
 .debug_info    0x0000000000004655      0x53e ./Core/Src/system_stm32f4xx.o
 .debug_info    0x0000000000004b93      0x221 ./Core/Src/systick.o
 .debug_info    0x0000000000004db4       0x23 ./Core/Startup/startup_stm32f411retx.o
 .debug_info    0x0000000000004dd7      0x8c4 ./Drivers/STM32F4xx_HAL_Driver/Src/stm32f4xx_hal.o
 .debug_info    0x000000000000569b      0xcd1 ./Drivers/STM32F4xx_HAL_Driver/Src/stm32f4xx_hal_adc.o
 .debug_info    0x000000000000636c      0xcb6 ./Drivers/STM32F4xx_HAL_Driver/Src/stm32f4xx_hal_cortex.o
 .debug_info    0x0000000000007022      0x8e6 ./Drivers/STM32F4xx_HAL_Driver/Src/stm32f4xx_hal_dma.o
 .debug_info    0x0000000000007908      0x6f9 ./Drivers/STM32F4xx_HAL_Driver/Src/stm32f4xx_hal_gpio.o
 .debug_info    0x0000000000008001      0x8f2 ./Drivers/STM32F4xx_HAL_Driver/Src/stm32f4xx_hal_rcc.o
 .debug_info    0x00000000000088f3     0x2941 ./Drivers/STM32F4xx_HAL_Driver/Src/stm32f4xx_hal_tim.o
 .debug_info    0x000000000000b234     0x14a7 ./Drivers/STM32F4xx_HAL_Driver/Src/stm32f4xx_hal_tim_ex.o
 .debug_info    0x000000000000c6db     0x2fbf ./Drivers/STM32F4xx_HAL_Driver/Src/stm32f4xx_hal_uart.o

.debug_abbrev   0x0000000000000000     0x26d3
 .debug_abbrev  0x0000000000000000       0xc6 ./Core/Src/controller.o
 .debug_abbrev  0x00000000000000c6       0xe7 ./Core/Src/delay.o
 .debug_abbrev  0x00000000000001ad       0xb8 ./Core/Src/encoders.o
 .debug_abbrev  0x0000000000000265      0x23a ./Core/Src/irs.o
 .debug_abbrev  0x000000000000049f      0x313 ./Core/Src/main.o
 .debug_abbrev  0x00000000000007b2       0xe7 ./Core/Src/motors.o
 .debug_abbrev  0x0000000000000899      0x1a1 ./Core/Src/pid.o
 .debug_abbrev  0x0000000000000a3a      0x25e ./Core/Src/stm32f4xx_hal_msp.o
 .debug_abbrev  0x0000000000000c98      0x1bd ./Core/Src/stm32f4xx_it.o
 .debug_abbrev  0x0000000000000e55      0x11a ./Core/Src/system_stm32f4xx.o
 .debug_abbrev  0x0000000000000f6f       0xfb ./Core/Src/systick.o
 .debug_abbrev  0x000000000000106a       0x12 ./Core/Startup/startup_stm32f411retx.o
 .debug_abbrev  0x000000000000107c      0x24b ./Drivers/STM32F4xx_HAL_Driver/Src/stm32f4xx_hal.o
 .debug_abbrev  0x00000000000012c7      0x20e ./Drivers/STM32F4xx_HAL_Driver/Src/stm32f4xx_hal_adc.o
 .debug_abbrev  0x00000000000014d5      0x327 ./Drivers/STM32F4xx_HAL_Driver/Src/stm32f4xx_hal_cortex.o
 .debug_abbrev  0x00000000000017fc      0x221 ./Drivers/STM32F4xx_HAL_Driver/Src/stm32f4xx_hal_dma.o
 .debug_abbrev  0x0000000000001a1d      0x1d3 ./Drivers/STM32F4xx_HAL_Driver/Src/stm32f4xx_hal_gpio.o
 .debug_abbrev  0x0000000000001bf0      0x2b5 ./Drivers/STM32F4xx_HAL_Driver/Src/stm32f4xx_hal_rcc.o
 .debug_abbrev  0x0000000000001ea5      0x284 ./Drivers/STM32F4xx_HAL_Driver/Src/stm32f4xx_hal_tim.o
 .debug_abbrev  0x0000000000002129      0x28f ./Drivers/STM32F4xx_HAL_Driver/Src/stm32f4xx_hal_tim_ex.o
 .debug_abbrev  0x00000000000023b8      0x31b ./Drivers/STM32F4xx_HAL_Driver/Src/stm32f4xx_hal_uart.o

.debug_aranges  0x0000000000000000      0xeb0
 .debug_aranges
                0x0000000000000000       0x28 ./Core/Src/controller.o
 .debug_aranges
                0x0000000000000028       0x28 ./Core/Src/delay.o
 .debug_aranges
                0x0000000000000050       0x30 ./Core/Src/encoders.o
 .debug_aranges
                0x0000000000000080       0x50 ./Core/Src/irs.o
 .debug_aranges
                0x00000000000000d0       0x70 ./Core/Src/main.o
 .debug_aranges
                0x0000000000000140       0x38 ./Core/Src/motors.o
 .debug_aranges
                0x0000000000000178       0x50 ./Core/Src/pid.o
 .debug_aranges
                0x00000000000001c8       0x68 ./Core/Src/stm32f4xx_hal_msp.o
 .debug_aranges
                0x0000000000000230       0x78 ./Core/Src/stm32f4xx_it.o
 .debug_aranges
                0x00000000000002a8       0x28 ./Core/Src/system_stm32f4xx.o
 .debug_aranges
                0x00000000000002d0       0x20 ./Core/Src/systick.o
 .debug_aranges
                0x00000000000002f0       0x28 ./Core/Startup/startup_stm32f411retx.o
 .debug_aranges
                0x0000000000000318       0xf0 ./Drivers/STM32F4xx_HAL_Driver/Src/stm32f4xx_hal.o
 .debug_aranges
                0x0000000000000408       0xe8 ./Drivers/STM32F4xx_HAL_Driver/Src/stm32f4xx_hal_adc.o
 .debug_aranges
                0x00000000000004f0      0x118 ./Drivers/STM32F4xx_HAL_Driver/Src/stm32f4xx_hal_cortex.o
 .debug_aranges
                0x0000000000000608       0x90 ./Drivers/STM32F4xx_HAL_Driver/Src/stm32f4xx_hal_dma.o
 .debug_aranges
                0x0000000000000698       0x58 ./Drivers/STM32F4xx_HAL_Driver/Src/stm32f4xx_hal_gpio.o
 .debug_aranges
                0x00000000000006f0       0x88 ./Drivers/STM32F4xx_HAL_Driver/Src/stm32f4xx_hal_rcc.o
 .debug_aranges
                0x0000000000000778      0x3d0 ./Drivers/STM32F4xx_HAL_Driver/Src/stm32f4xx_hal_tim.o
 .debug_aranges
                0x0000000000000b48      0x168 ./Drivers/STM32F4xx_HAL_Driver/Src/stm32f4xx_hal_tim_ex.o
 .debug_aranges
                0x0000000000000cb0      0x200 ./Drivers/STM32F4xx_HAL_Driver/Src/stm32f4xx_hal_uart.o

.debug_rnglists
                0x0000000000000000      0xb63
 .debug_rnglists
                0x0000000000000000       0x19 ./Core/Src/controller.o
 .debug_rnglists
                0x0000000000000019       0x19 ./Core/Src/delay.o
 .debug_rnglists
                0x0000000000000032       0x1f ./Core/Src/encoders.o
 .debug_rnglists
                0x0000000000000051       0x39 ./Core/Src/irs.o
 .debug_rnglists
                0x000000000000008a       0x56 ./Core/Src/main.o
 .debug_rnglists
                0x00000000000000e0       0x27 ./Core/Src/motors.o
 .debug_rnglists
                0x0000000000000107       0x38 ./Core/Src/pid.o
 .debug_rnglists
                0x000000000000013f       0x4c ./Core/Src/stm32f4xx_hal_msp.o
 .debug_rnglists
                0x000000000000018b       0x55 ./Core/Src/stm32f4xx_it.o
 .debug_rnglists
                0x00000000000001e0       0x1a ./Core/Src/system_stm32f4xx.o
 .debug_rnglists
                0x00000000000001fa       0x13 ./Core/Src/systick.o
 .debug_rnglists
                0x000000000000020d       0x19 ./Core/Startup/startup_stm32f411retx.o
 .debug_rnglists
                0x0000000000000226       0xaf ./Drivers/STM32F4xx_HAL_Driver/Src/stm32f4xx_hal.o
 .debug_rnglists
                0x00000000000002d5       0xb5 ./Drivers/STM32F4xx_HAL_Driver/Src/stm32f4xx_hal_adc.o
 .debug_rnglists
                0x000000000000038a       0xce ./Drivers/STM32F4xx_HAL_Driver/Src/stm32f4xx_hal_cortex.o
 .debug_rnglists
                0x0000000000000458       0x70 ./Drivers/STM32F4xx_HAL_Driver/Src/stm32f4xx_hal_dma.o
 .debug_rnglists
                0x00000000000004c8       0x3f ./Drivers/STM32F4xx_HAL_Driver/Src/stm32f4xx_hal_gpio.o
 .debug_rnglists
                0x0000000000000507       0x66 ./Drivers/STM32F4xx_HAL_Driver/Src/stm32f4xx_hal_rcc.o
 .debug_rnglists
                0x000000000000056d      0x31a ./Drivers/STM32F4xx_HAL_Driver/Src/stm32f4xx_hal_tim.o
 .debug_rnglists
                0x0000000000000887      0x125 ./Drivers/STM32F4xx_HAL_Driver/Src/stm32f4xx_hal_tim_ex.o
 .debug_rnglists
                0x00000000000009ac      0x1b7 ./Drivers/STM32F4xx_HAL_Driver/Src/stm32f4xx_hal_uart.o

.debug_macro    0x0000000000000000    0x17ad5
 .debug_macro   0x0000000000000000      0x21d ./Core/Src/controller.o
 .debug_macro   0x000000000000021d      0xaa8 ./Core/Src/controller.o
 .debug_macro   0x0000000000000cc5      0x2a1 ./Core/Src/controller.o
 .debug_macro   0x0000000000000f66       0x2e ./Core/Src/controller.o
 .debug_macro   0x0000000000000f94       0x28 ./Core/Src/controller.o
 .debug_macro   0x0000000000000fbc       0x22 ./Core/Src/controller.o
 .debug_macro   0x0000000000000fde       0x8e ./Core/Src/controller.o
 .debug_macro   0x000000000000106c       0x51 ./Core/Src/controller.o
 .debug_macro   0x00000000000010bd      0x103 ./Core/Src/controller.o
 .debug_macro   0x00000000000011c0       0x6a ./Core/Src/controller.o
 .debug_macro   0x000000000000122a      0x1df ./Core/Src/controller.o
 .debug_macro   0x0000000000001409       0x1c ./Core/Src/controller.o
 .debug_macro   0x0000000000001425       0x22 ./Core/Src/controller.o
 .debug_macro   0x0000000000001447       0xd9 ./Core/Src/controller.o
 .debug_macro   0x0000000000001520     0x102d ./Core/Src/controller.o
 .debug_macro   0x000000000000254d      0x11f ./Core/Src/controller.o
 .debug_macro   0x000000000000266c     0xb953 ./Core/Src/controller.o
 .debug_macro   0x000000000000dfbf       0x6d ./Core/Src/controller.o
 .debug_macro   0x000000000000e02c     0x367e ./Core/Src/controller.o
 .debug_macro   0x00000000000116aa      0x174 ./Core/Src/controller.o
 .debug_macro   0x000000000001181e       0x5c ./Core/Src/controller.o
 .debug_macro   0x000000000001187a      0x447 ./Core/Src/controller.o
 .debug_macro   0x0000000000011cc1      0x9fe ./Core/Src/controller.o
 .debug_macro   0x00000000000126bf      0x115 ./Core/Src/controller.o
 .debug_macro   0x00000000000127d4      0x11b ./Core/Src/controller.o
 .debug_macro   0x00000000000128ef       0xa5 ./Core/Src/controller.o
 .debug_macro   0x0000000000012994      0x15f ./Core/Src/controller.o
 .debug_macro   0x0000000000012af3      0x287 ./Core/Src/controller.o
 .debug_macro   0x0000000000012d7a       0x5f ./Core/Src/controller.o
 .debug_macro   0x0000000000012dd9      0x236 ./Core/Src/controller.o
 .debug_macro   0x000000000001300f      0x9e1 ./Core/Src/controller.o
 .debug_macro   0x00000000000139f0      0x38b ./Core/Src/controller.o
 .debug_macro   0x0000000000013d7b      0x17d ./Core/Src/controller.o
 .debug_macro   0x0000000000013ef8       0xf9 ./Core/Src/controller.o
 .debug_macro   0x0000000000013ff1      0x132 ./Core/Src/controller.o
 .debug_macro   0x0000000000014123      0x264 ./Core/Src/controller.o
 .debug_macro   0x0000000000014387       0x2e ./Core/Src/controller.o
 .debug_macro   0x00000000000143b5      0x11a ./Core/Src/controller.o
 .debug_macro   0x00000000000144cf       0x85 ./Core/Src/controller.o
 .debug_macro   0x0000000000014554       0x89 ./Core/Src/controller.o
 .debug_macro   0x00000000000145dd      0x8e6 ./Core/Src/controller.o
 .debug_macro   0x0000000000014ec3       0x47 ./Core/Src/controller.o
 .debug_macro   0x0000000000014f0a      0x295 ./Core/Src/controller.o
 .debug_macro   0x000000000001519f      0x126 ./Core/Src/controller.o
 .debug_macro   0x00000000000152c5       0xee ./Core/Src/controller.o
 .debug_macro   0x00000000000153b3      0x20f ./Core/Src/delay.o
 .debug_macro   0x00000000000155c2      0x20f ./Core/Src/encoders.o
 .debug_macro   0x00000000000157d1      0x218 ./Core/Src/irs.o
 .debug_macro   0x00000000000159e9       0x10 ./Core/Src/irs.o
 .debug_macro   0x00000000000159f9      0x22f ./Core/Src/main.o
 .debug_macro   0x0000000000015c28       0x16 ./Core/Src/main.o
 .debug_macro   0x0000000000015c3e      0x20e ./Core/Src/motors.o
 .debug_macro   0x0000000000015e4c      0x212 ./Core/Src/pid.o
 .debug_macro   0x000000000001605e      0x205 ./Core/Src/stm32f4xx_hal_msp.o
 .debug_macro   0x0000000000016263      0x21d ./Core/Src/stm32f4xx_it.o
 .debug_macro   0x0000000000016480      0x1f6 ./Core/Src/system_stm32f4xx.o
 .debug_macro   0x0000000000016676      0x226 ./Core/Src/systick.o
 .debug_macro   0x000000000001689c      0x256 ./Drivers/STM32F4xx_HAL_Driver/Src/stm32f4xx_hal.o
 .debug_macro   0x0000000000016af2      0x1f7 ./Drivers/STM32F4xx_HAL_Driver/Src/stm32f4xx_hal_adc.o
 .debug_macro   0x0000000000016ce9      0x1f6 ./Drivers/STM32F4xx_HAL_Driver/Src/stm32f4xx_hal_cortex.o
 .debug_macro   0x0000000000016edf      0x1fc ./Drivers/STM32F4xx_HAL_Driver/Src/stm32f4xx_hal_dma.o
 .debug_macro   0x00000000000170db      0x1fc ./Drivers/STM32F4xx_HAL_Driver/Src/stm32f4xx_hal_gpio.o
 .debug_macro   0x00000000000172d7      0x21a ./Drivers/STM32F4xx_HAL_Driver/Src/stm32f4xx_hal_rcc.o
 .debug_macro   0x00000000000174f1      0x1f7 ./Drivers/STM32F4xx_HAL_Driver/Src/stm32f4xx_hal_tim.o
 .debug_macro   0x00000000000176e8      0x1f6 ./Drivers/STM32F4xx_HAL_Driver/Src/stm32f4xx_hal_tim_ex.o
 .debug_macro   0x00000000000178de      0x1f7 ./Drivers/STM32F4xx_HAL_Driver/Src/stm32f4xx_hal_uart.o

.debug_line     0x0000000000000000    0x12be0
 .debug_line    0x0000000000000000      0x7c6 ./Core/Src/controller.o
 .debug_line    0x00000000000007c6      0x7d2 ./Core/Src/delay.o
 .debug_line    0x0000000000000f98      0x7ce ./Core/Src/encoders.o
 .debug_line    0x0000000000001766      0x8a2 ./Core/Src/irs.o
 .debug_line    0x0000000000002008      0xaf4 ./Core/Src/main.o
 .debug_line    0x0000000000002afc      0x84e ./Core/Src/motors.o
 .debug_line    0x000000000000334a      0x8ae ./Core/Src/pid.o
 .debug_line    0x0000000000003bf8      0x94b ./Core/Src/stm32f4xx_hal_msp.o
 .debug_line    0x0000000000004543      0x8a8 ./Core/Src/stm32f4xx_it.o
 .debug_line    0x0000000000004deb      0x80f ./Core/Src/system_stm32f4xx.o
 .debug_line    0x00000000000055fa      0x7e7 ./Core/Src/systick.o
 .debug_line    0x0000000000005de1       0x7a ./Core/Startup/startup_stm32f411retx.o
 .debug_line    0x0000000000005e5b      0xa75 ./Drivers/STM32F4xx_HAL_Driver/Src/stm32f4xx_hal.o
 .debug_line    0x00000000000068d0     0x1219 ./Drivers/STM32F4xx_HAL_Driver/Src/stm32f4xx_hal_adc.o
 .debug_line    0x0000000000007ae9      0xd24 ./Drivers/STM32F4xx_HAL_Driver/Src/stm32f4xx_hal_cortex.o
 .debug_line    0x000000000000880d      0xfd9 ./Drivers/STM32F4xx_HAL_Driver/Src/stm32f4xx_hal_dma.o
 .debug_line    0x00000000000097e6      0xbad ./Drivers/STM32F4xx_HAL_Driver/Src/stm32f4xx_hal_gpio.o
 .debug_line    0x000000000000a393      0xdee ./Drivers/STM32F4xx_HAL_Driver/Src/stm32f4xx_hal_rcc.o
 .debug_line    0x000000000000b181     0x353b ./Drivers/STM32F4xx_HAL_Driver/Src/stm32f4xx_hal_tim.o
 .debug_line    0x000000000000e6bc     0x1a0d ./Drivers/STM32F4xx_HAL_Driver/Src/stm32f4xx_hal_tim_ex.o
 .debug_line    0x00000000000100c9     0x2b17 ./Drivers/STM32F4xx_HAL_Driver/Src/stm32f4xx_hal_uart.o

.debug_str      0x0000000000000000    0x9667e
 .debug_str     0x0000000000000000    0x923b7 ./Core/Src/controller.o
                                      0x9263a (size before relaxing)
 .debug_str     0x00000000000923b7      0x12a ./Core/Src/delay.o
                                      0x926f2 (size before relaxing)
 .debug_str     0x00000000000924e1       0x6d ./Core/Src/encoders.o
                                      0x92679 (size before relaxing)
 .debug_str     0x000000000009254e      0x581 ./Core/Src/irs.o
                                      0x92be9 (size before relaxing)
 .debug_str     0x0000000000092acf      0xdaf ./Core/Src/main.o
                                      0x939fb (size before relaxing)
 .debug_str     0x000000000009387e       0x4a ./Core/Src/motors.o
                                      0x92681 (size before relaxing)
 .debug_str     0x00000000000938c8       0xc9 ./Core/Src/pid.o
                                      0x92732 (size before relaxing)
 .debug_str     0x0000000000093991      0x14c ./Core/Src/stm32f4xx_hal_msp.o
                                      0x9356b (size before relaxing)
 .debug_str     0x0000000000093add      0x165 ./Core/Src/stm32f4xx_it.o
                                      0x92c6b (size before relaxing)
 .debug_str     0x0000000000093c42       0xdb ./Core/Src/system_stm32f4xx.o
                                      0x9237b (size before relaxing)
 .debug_str     0x0000000000093d1d       0x21 ./Core/Src/systick.o
                                      0x926da (size before relaxing)
 .debug_str     0x0000000000093d3e       0x34 ./Core/Startup/startup_stm32f411retx.o
                                         0x74 (size before relaxing)
 .debug_str     0x0000000000093d72      0x5f5 ./Drivers/STM32F4xx_HAL_Driver/Src/stm32f4xx_hal.o
                                      0x92da7 (size before relaxing)
 .debug_str     0x0000000000094367      0x28f ./Drivers/STM32F4xx_HAL_Driver/Src/stm32f4xx_hal_adc.o
                                      0x92956 (size before relaxing)
 .debug_str     0x00000000000945f6      0x326 ./Drivers/STM32F4xx_HAL_Driver/Src/stm32f4xx_hal_cortex.o
                                      0x92ac8 (size before relaxing)
 .debug_str     0x000000000009491c      0x2d5 ./Drivers/STM32F4xx_HAL_Driver/Src/stm32f4xx_hal_dma.o
                                      0x92783 (size before relaxing)
 .debug_str     0x0000000000094bf1      0x108 ./Drivers/STM32F4xx_HAL_Driver/Src/stm32f4xx_hal_gpio.o
                                      0x924f6 (size before relaxing)
 .debug_str     0x0000000000094cf9      0x233 ./Drivers/STM32F4xx_HAL_Driver/Src/stm32f4xx_hal_rcc.o
                                      0x927af (size before relaxing)
 .debug_str     0x0000000000094f2c      0xcc2 ./Drivers/STM32F4xx_HAL_Driver/Src/stm32f4xx_hal_tim.o
                                      0x936e3 (size before relaxing)
 .debug_str     0x0000000000095bee      0x493 ./Drivers/STM32F4xx_HAL_Driver/Src/stm32f4xx_hal_tim_ex.o
                                      0x92eff (size before relaxing)
 .debug_str     0x0000000000096081      0x5fd ./Drivers/STM32F4xx_HAL_Driver/Src/stm32f4xx_hal_uart.o
                                      0x92d3c (size before relaxing)

.debug_frame    0x0000000000000000     0x3d18
 .debug_frame   0x0000000000000000       0x58 ./Core/Src/controller.o
 .debug_frame   0x0000000000000058       0x58 ./Core/Src/delay.o
 .debug_frame   0x00000000000000b0       0x70 ./Core/Src/encoders.o
 .debug_frame   0x0000000000000120       0xec ./Core/Src/irs.o
 .debug_frame   0x000000000000020c      0x180 ./Core/Src/main.o
 .debug_frame   0x000000000000038c       0xa0 ./Core/Src/motors.o
 .debug_frame   0x000000000000042c      0x108 ./Core/Src/pid.o
 .debug_frame   0x0000000000000534      0x178 ./Core/Src/stm32f4xx_hal_msp.o
 .debug_frame   0x00000000000006ac      0x158 ./Core/Src/stm32f4xx_it.o
 .debug_frame   0x0000000000000804       0x58 ./Core/Src/system_stm32f4xx.o
 .debug_frame   0x000000000000085c       0x38 ./Core/Src/systick.o
 .debug_frame   0x0000000000000894      0x374 ./Drivers/STM32F4xx_HAL_Driver/Src/stm32f4xx_hal.o
 .debug_frame   0x0000000000000c08      0x3fc ./Drivers/STM32F4xx_HAL_Driver/Src/stm32f4xx_hal_adc.o
 .debug_frame   0x0000000000001004      0x498 ./Drivers/STM32F4xx_HAL_Driver/Src/stm32f4xx_hal_cortex.o
 .debug_frame   0x000000000000149c      0x250 ./Drivers/STM32F4xx_HAL_Driver/Src/stm32f4xx_hal_dma.o
 .debug_frame   0x00000000000016ec      0x14c ./Drivers/STM32F4xx_HAL_Driver/Src/stm32f4xx_hal_gpio.o
 .debug_frame   0x0000000000001838      0x1f4 ./Drivers/STM32F4xx_HAL_Driver/Src/stm32f4xx_hal_rcc.o
 .debug_frame   0x0000000000001a2c     0x11bc ./Drivers/STM32F4xx_HAL_Driver/Src/stm32f4xx_hal_tim.o
 .debug_frame   0x0000000000002be8      0x638 ./Drivers/STM32F4xx_HAL_Driver/Src/stm32f4xx_hal_tim_ex.o
 .debug_frame   0x0000000000003220      0x92c ./Drivers/STM32F4xx_HAL_Driver/Src/stm32f4xx_hal_uart.o
 .debug_frame   0x0000000000003b4c       0x20 C:/ST/STM32CubeIDE_1.13.2/STM32CubeIDE/plugins/com.st.stm32cube.ide.mcu.externaltools.gnu-tools-for-stm32.11.3.rel1.win32_1.1.1.202309131626/tools/bin/../lib/gcc/arm-none-eabi/11.3.1/../../../../arm-none-eabi/lib/thumb/v7e-m+fp/hard\libc_nano.a(libc_a-memset.o)
 .debug_frame   0x0000000000003b6c       0x2c C:/ST/STM32CubeIDE_1.13.2/STM32CubeIDE/plugins/com.st.stm32cube.ide.mcu.externaltools.gnu-tools-for-stm32.11.3.rel1.win32_1.1.1.202309131626/tools/bin/../lib/gcc/arm-none-eabi/11.3.1/../../../../arm-none-eabi/lib/thumb/v7e-m+fp/hard\libc_nano.a(libc_a-init.o)
 .debug_frame   0x0000000000003b98       0xac C:/ST/STM32CubeIDE_1.13.2/STM32CubeIDE/plugins/com.st.stm32cube.ide.mcu.externaltools.gnu-tools-for-stm32.11.3.rel1.win32_1.1.1.202309131626/tools/bin/../lib/gcc/arm-none-eabi/11.3.1/thumb/v7e-m+fp/hard\libgcc.a(_arm_addsubdf3.o)
 .debug_frame   0x0000000000003c44       0x50 C:/ST/STM32CubeIDE_1.13.2/STM32CubeIDE/plugins/com.st.stm32cube.ide.mcu.externaltools.gnu-tools-for-stm32.11.3.rel1.win32_1.1.1.202309131626/tools/bin/../lib/gcc/arm-none-eabi/11.3.1/thumb/v7e-m+fp/hard\libgcc.a(_arm_muldivdf3.o)
 .debug_frame   0x0000000000003c94       0x24 C:/ST/STM32CubeIDE_1.13.2/STM32CubeIDE/plugins/com.st.stm32cube.ide.mcu.externaltools.gnu-tools-for-stm32.11.3.rel1.win32_1.1.1.202309131626/tools/bin/../lib/gcc/arm-none-eabi/11.3.1/thumb/v7e-m+fp/hard\libgcc.a(_arm_fixdfsi.o)
 .debug_frame   0x0000000000003cb8       0x2c C:/ST/STM32CubeIDE_1.13.2/STM32CubeIDE/plugins/com.st.stm32cube.ide.mcu.externaltools.gnu-tools-for-stm32.11.3.rel1.win32_1.1.1.202309131626/tools/bin/../lib/gcc/arm-none-eabi/11.3.1/thumb/v7e-m+fp/hard\libgcc.a(_aeabi_uldivmod.o)
 .debug_frame   0x0000000000003ce4       0x34 C:/ST/STM32CubeIDE_1.13.2/STM32CubeIDE/plugins/com.st.stm32cube.ide.mcu.externaltools.gnu-tools-for-stm32.11.3.rel1.win32_1.1.1.202309131626/tools/bin/../lib/gcc/arm-none-eabi/11.3.1/thumb/v7e-m+fp/hard\libgcc.a(_udivmoddi4.o)

.debug_line_str
                0x0000000000000000       0x68
 .debug_line_str
                0x0000000000000000       0x68 ./Core/Startup/startup_stm32f411retx.o
                                         0x80 (size before relaxing)
